ARM GAS  C:\Users\Admin\AppData\Local\Temp\ccp6gz8P.s 			page 1


   1              		.syntax unified
   2              		.cpu cortex-m3
   3              		.fpu softvfp
   4              		.eabi_attribute 20, 1
   5              		.eabi_attribute 21, 1
   6              		.eabi_attribute 23, 3
   7              		.eabi_attribute 24, 1
   8              		.eabi_attribute 25, 1
   9              		.eabi_attribute 26, 1
  10              		.eabi_attribute 30, 1
  11              		.eabi_attribute 34, 1
  12              		.eabi_attribute 18, 4
  13              		.thumb
  14              		.syntax unified
  15              		.file	"cyfitter_cfg.c"
  16              		.text
  17              	.Ltext0:
  18              		.cfi_sections	.debug_frame
  19              		.section	.text.CyClockStartupError,"ax",%progbits
  20              		.align	2
  21              		.thumb
  22              		.thumb_func
  23              		.type	CyClockStartupError, %function
  24              	CyClockStartupError:
  25              	.LFB3:
  26              		.file 1 "Generated_Source\\PSoC5\\cyfitter_cfg.c"
   1:Generated_Source\PSoC5/cyfitter_cfg.c **** 
   2:Generated_Source\PSoC5/cyfitter_cfg.c **** /*******************************************************************************
   3:Generated_Source\PSoC5/cyfitter_cfg.c **** * File Name: cyfitter_cfg.c
   4:Generated_Source\PSoC5/cyfitter_cfg.c **** * 
   5:Generated_Source\PSoC5/cyfitter_cfg.c **** * PSoC Creator  4.4
   6:Generated_Source\PSoC5/cyfitter_cfg.c **** *
   7:Generated_Source\PSoC5/cyfitter_cfg.c **** * Description:
   8:Generated_Source\PSoC5/cyfitter_cfg.c **** * This file contains device initialization code.
   9:Generated_Source\PSoC5/cyfitter_cfg.c **** * Except for the user defined sections in CyClockStartupError(), this file should not be modified.
  10:Generated_Source\PSoC5/cyfitter_cfg.c **** * This file is automatically generated by PSoC Creator.
  11:Generated_Source\PSoC5/cyfitter_cfg.c **** *
  12:Generated_Source\PSoC5/cyfitter_cfg.c **** ********************************************************************************
  13:Generated_Source\PSoC5/cyfitter_cfg.c **** * Copyright (c) 2007-2020 Cypress Semiconductor.  All rights reserved.
  14:Generated_Source\PSoC5/cyfitter_cfg.c **** * You may use this file only in accordance with the license, terms, conditions, 
  15:Generated_Source\PSoC5/cyfitter_cfg.c **** * disclaimers, and limitations in the end user license agreement accompanying 
  16:Generated_Source\PSoC5/cyfitter_cfg.c **** * the software package with which this file was provided.
  17:Generated_Source\PSoC5/cyfitter_cfg.c **** ********************************************************************************/
  18:Generated_Source\PSoC5/cyfitter_cfg.c **** 
  19:Generated_Source\PSoC5/cyfitter_cfg.c **** #include <string.h>
  20:Generated_Source\PSoC5/cyfitter_cfg.c **** #include "cytypes.h"
  21:Generated_Source\PSoC5/cyfitter_cfg.c **** #include "cydevice_trm.h"
  22:Generated_Source\PSoC5/cyfitter_cfg.c **** #include "cyfitter.h"
  23:Generated_Source\PSoC5/cyfitter_cfg.c **** #include "CyLib.h"
  24:Generated_Source\PSoC5/cyfitter_cfg.c **** #include "cyfitter_cfg.h"
  25:Generated_Source\PSoC5/cyfitter_cfg.c **** #include "cyapicallbacks.h"
  26:Generated_Source\PSoC5/cyfitter_cfg.c **** 
  27:Generated_Source\PSoC5/cyfitter_cfg.c **** #define CY_NEED_CYCLOCKSTARTUPERROR 1
  28:Generated_Source\PSoC5/cyfitter_cfg.c **** 
  29:Generated_Source\PSoC5/cyfitter_cfg.c **** 
  30:Generated_Source\PSoC5/cyfitter_cfg.c **** #if defined(__GNUC__) || defined(__ARMCC_VERSION)
  31:Generated_Source\PSoC5/cyfitter_cfg.c ****     #define CYPACKED 
ARM GAS  C:\Users\Admin\AppData\Local\Temp\ccp6gz8P.s 			page 2


  32:Generated_Source\PSoC5/cyfitter_cfg.c ****     #define CYPACKED_ATTR __attribute__ ((packed))
  33:Generated_Source\PSoC5/cyfitter_cfg.c ****     #define CYALIGNED __attribute__ ((aligned))
  34:Generated_Source\PSoC5/cyfitter_cfg.c ****     #define CY_CFG_UNUSED __attribute__ ((unused))
  35:Generated_Source\PSoC5/cyfitter_cfg.c ****     #ifndef CY_CFG_SECTION
  36:Generated_Source\PSoC5/cyfitter_cfg.c ****         #define CY_CFG_SECTION __attribute__ ((section(".psocinit")))
  37:Generated_Source\PSoC5/cyfitter_cfg.c ****     #endif
  38:Generated_Source\PSoC5/cyfitter_cfg.c ****     
  39:Generated_Source\PSoC5/cyfitter_cfg.c ****     #if defined(__ARMCC_VERSION)
  40:Generated_Source\PSoC5/cyfitter_cfg.c ****         #define CY_CFG_MEMORY_BARRIER() __memory_changed()
  41:Generated_Source\PSoC5/cyfitter_cfg.c ****     #else
  42:Generated_Source\PSoC5/cyfitter_cfg.c ****         #define CY_CFG_MEMORY_BARRIER() __sync_synchronize()
  43:Generated_Source\PSoC5/cyfitter_cfg.c ****     #endif
  44:Generated_Source\PSoC5/cyfitter_cfg.c ****     
  45:Generated_Source\PSoC5/cyfitter_cfg.c **** #elif defined(__ICCARM__)
  46:Generated_Source\PSoC5/cyfitter_cfg.c ****     #include <intrinsics.h>
  47:Generated_Source\PSoC5/cyfitter_cfg.c **** 
  48:Generated_Source\PSoC5/cyfitter_cfg.c ****     #define CYPACKED __packed
  49:Generated_Source\PSoC5/cyfitter_cfg.c ****     #define CYPACKED_ATTR 
  50:Generated_Source\PSoC5/cyfitter_cfg.c ****     #define CYALIGNED _Pragma("data_alignment=4")
  51:Generated_Source\PSoC5/cyfitter_cfg.c ****     #define CY_CFG_UNUSED _Pragma("diag_suppress=Pe177")
  52:Generated_Source\PSoC5/cyfitter_cfg.c ****     #define CY_CFG_SECTION _Pragma("location=\".psocinit\"")
  53:Generated_Source\PSoC5/cyfitter_cfg.c ****     
  54:Generated_Source\PSoC5/cyfitter_cfg.c ****     #define CY_CFG_MEMORY_BARRIER() __DMB()
  55:Generated_Source\PSoC5/cyfitter_cfg.c ****     
  56:Generated_Source\PSoC5/cyfitter_cfg.c **** #else
  57:Generated_Source\PSoC5/cyfitter_cfg.c ****     #error Unsupported toolchain
  58:Generated_Source\PSoC5/cyfitter_cfg.c **** #endif
  59:Generated_Source\PSoC5/cyfitter_cfg.c **** 
  60:Generated_Source\PSoC5/cyfitter_cfg.c **** #ifndef CYCODE
  61:Generated_Source\PSoC5/cyfitter_cfg.c ****     #define CYCODE
  62:Generated_Source\PSoC5/cyfitter_cfg.c **** #endif
  63:Generated_Source\PSoC5/cyfitter_cfg.c **** #ifndef CYDATA
  64:Generated_Source\PSoC5/cyfitter_cfg.c ****     #define CYDATA
  65:Generated_Source\PSoC5/cyfitter_cfg.c **** #endif
  66:Generated_Source\PSoC5/cyfitter_cfg.c **** #ifndef CYFAR
  67:Generated_Source\PSoC5/cyfitter_cfg.c ****     #define CYFAR
  68:Generated_Source\PSoC5/cyfitter_cfg.c **** #endif
  69:Generated_Source\PSoC5/cyfitter_cfg.c **** #ifndef CYXDATA
  70:Generated_Source\PSoC5/cyfitter_cfg.c ****     #define CYXDATA
  71:Generated_Source\PSoC5/cyfitter_cfg.c **** #endif
  72:Generated_Source\PSoC5/cyfitter_cfg.c **** 
  73:Generated_Source\PSoC5/cyfitter_cfg.c **** 
  74:Generated_Source\PSoC5/cyfitter_cfg.c **** CY_CFG_UNUSED
  75:Generated_Source\PSoC5/cyfitter_cfg.c **** static void CYMEMZERO(void *s, size_t n);
  76:Generated_Source\PSoC5/cyfitter_cfg.c **** CY_CFG_UNUSED
  77:Generated_Source\PSoC5/cyfitter_cfg.c **** static void CYMEMZERO(void *s, size_t n)
  78:Generated_Source\PSoC5/cyfitter_cfg.c **** {
  79:Generated_Source\PSoC5/cyfitter_cfg.c **** 	(void)memset(s, 0, n);
  80:Generated_Source\PSoC5/cyfitter_cfg.c **** }
  81:Generated_Source\PSoC5/cyfitter_cfg.c **** CY_CFG_UNUSED
  82:Generated_Source\PSoC5/cyfitter_cfg.c **** static void CYCONFIGCPY(void *dest, const void *src, size_t n);
  83:Generated_Source\PSoC5/cyfitter_cfg.c **** CY_CFG_UNUSED
  84:Generated_Source\PSoC5/cyfitter_cfg.c **** static void CYCONFIGCPY(void *dest, const void *src, size_t n)
  85:Generated_Source\PSoC5/cyfitter_cfg.c **** {
  86:Generated_Source\PSoC5/cyfitter_cfg.c **** 	(void)memcpy(dest, src, n);
  87:Generated_Source\PSoC5/cyfitter_cfg.c **** }
  88:Generated_Source\PSoC5/cyfitter_cfg.c **** CY_CFG_UNUSED
ARM GAS  C:\Users\Admin\AppData\Local\Temp\ccp6gz8P.s 			page 3


  89:Generated_Source\PSoC5/cyfitter_cfg.c **** static void CYCONFIGCPYCODE(void *dest, const void *src, size_t n);
  90:Generated_Source\PSoC5/cyfitter_cfg.c **** CY_CFG_UNUSED
  91:Generated_Source\PSoC5/cyfitter_cfg.c **** static void CYCONFIGCPYCODE(void *dest, const void *src, size_t n)
  92:Generated_Source\PSoC5/cyfitter_cfg.c **** {
  93:Generated_Source\PSoC5/cyfitter_cfg.c **** 	(void)memcpy(dest, src, n);
  94:Generated_Source\PSoC5/cyfitter_cfg.c **** }
  95:Generated_Source\PSoC5/cyfitter_cfg.c **** 
  96:Generated_Source\PSoC5/cyfitter_cfg.c **** 
  97:Generated_Source\PSoC5/cyfitter_cfg.c **** 
  98:Generated_Source\PSoC5/cyfitter_cfg.c **** 
  99:Generated_Source\PSoC5/cyfitter_cfg.c **** /* Clock startup error codes                                                   */
 100:Generated_Source\PSoC5/cyfitter_cfg.c **** #define CYCLOCKSTART_NO_ERROR    0u
 101:Generated_Source\PSoC5/cyfitter_cfg.c **** #define CYCLOCKSTART_XTAL_ERROR  1u
 102:Generated_Source\PSoC5/cyfitter_cfg.c **** #define CYCLOCKSTART_32KHZ_ERROR 2u
 103:Generated_Source\PSoC5/cyfitter_cfg.c **** #define CYCLOCKSTART_PLL_ERROR   3u
 104:Generated_Source\PSoC5/cyfitter_cfg.c **** #define CYCLOCKSTART_FLL_ERROR   4u
 105:Generated_Source\PSoC5/cyfitter_cfg.c **** #define CYCLOCKSTART_WCO_ERROR   5u
 106:Generated_Source\PSoC5/cyfitter_cfg.c **** 
 107:Generated_Source\PSoC5/cyfitter_cfg.c **** 
 108:Generated_Source\PSoC5/cyfitter_cfg.c **** #ifdef CY_NEED_CYCLOCKSTARTUPERROR
 109:Generated_Source\PSoC5/cyfitter_cfg.c **** /*******************************************************************************
 110:Generated_Source\PSoC5/cyfitter_cfg.c **** * Function Name: CyClockStartupError
 111:Generated_Source\PSoC5/cyfitter_cfg.c **** ********************************************************************************
 112:Generated_Source\PSoC5/cyfitter_cfg.c **** * Summary:
 113:Generated_Source\PSoC5/cyfitter_cfg.c **** *  If an error is encountered during clock configuration (crystal startup error,
 114:Generated_Source\PSoC5/cyfitter_cfg.c **** *  PLL lock error, etc.), the system will end up here.  Unless reimplemented by
 115:Generated_Source\PSoC5/cyfitter_cfg.c **** *  the customer, this function will stop in an infinite loop.
 116:Generated_Source\PSoC5/cyfitter_cfg.c **** *
 117:Generated_Source\PSoC5/cyfitter_cfg.c **** * Parameters:
 118:Generated_Source\PSoC5/cyfitter_cfg.c **** *   void
 119:Generated_Source\PSoC5/cyfitter_cfg.c **** *
 120:Generated_Source\PSoC5/cyfitter_cfg.c **** * Return:
 121:Generated_Source\PSoC5/cyfitter_cfg.c **** *   void
 122:Generated_Source\PSoC5/cyfitter_cfg.c **** *
 123:Generated_Source\PSoC5/cyfitter_cfg.c **** *******************************************************************************/
 124:Generated_Source\PSoC5/cyfitter_cfg.c **** CY_CFG_UNUSED
 125:Generated_Source\PSoC5/cyfitter_cfg.c **** static void CyClockStartupError(uint8 errorCode);
 126:Generated_Source\PSoC5/cyfitter_cfg.c **** CY_CFG_UNUSED
 127:Generated_Source\PSoC5/cyfitter_cfg.c **** static void CyClockStartupError(uint8 errorCode)
 128:Generated_Source\PSoC5/cyfitter_cfg.c **** {
  27              		.loc 1 128 0
  28              		.cfi_startproc
  29              		@ Volatile: function does not return.
  30              		@ args = 0, pretend = 0, frame = 0
  31              		@ frame_needed = 0, uses_anonymous_args = 0
  32              		@ link register save eliminated.
  33              	.LVL0:
  34              	.L2:
  35 0000 FEE7     		b	.L2
  36              		.cfi_endproc
  37              	.LFE3:
  38              		.size	CyClockStartupError, .-CyClockStartupError
  39 0002 00BF     		.section	.text.AnalogSetDefault,"ax",%progbits
  40              		.align	2
  41              		.thumb
  42              		.thumb_func
  43              		.type	AnalogSetDefault, %function
ARM GAS  C:\Users\Admin\AppData\Local\Temp\ccp6gz8P.s 			page 4


  44              	AnalogSetDefault:
  45              	.LFB5:
 129:Generated_Source\PSoC5/cyfitter_cfg.c ****     /* To remove the compiler warning if errorCode not used.                */
 130:Generated_Source\PSoC5/cyfitter_cfg.c ****     errorCode = errorCode;
 131:Generated_Source\PSoC5/cyfitter_cfg.c **** 
 132:Generated_Source\PSoC5/cyfitter_cfg.c ****     /* If we have a clock startup error (bad MHz crystal, PLL lock, etc.),  */
 133:Generated_Source\PSoC5/cyfitter_cfg.c ****     /* we will end up here to allow the customer to implement something to  */
 134:Generated_Source\PSoC5/cyfitter_cfg.c ****     /* deal with the clock condition.                                       */
 135:Generated_Source\PSoC5/cyfitter_cfg.c **** 
 136:Generated_Source\PSoC5/cyfitter_cfg.c **** #ifdef CY_CFG_CLOCK_STARTUP_ERROR_CALLBACK
 137:Generated_Source\PSoC5/cyfitter_cfg.c ****     CY_CFG_Clock_Startup_ErrorCallback();
 138:Generated_Source\PSoC5/cyfitter_cfg.c **** #else
 139:Generated_Source\PSoC5/cyfitter_cfg.c ****     /*  If not using CY_CFG_CLOCK_STARTUP_ERROR_CALLBACK, place your clock startup code here. */
 140:Generated_Source\PSoC5/cyfitter_cfg.c ****     /* `#START CyClockStartupError` */
 141:Generated_Source\PSoC5/cyfitter_cfg.c **** 
 142:Generated_Source\PSoC5/cyfitter_cfg.c **** 
 143:Generated_Source\PSoC5/cyfitter_cfg.c **** 
 144:Generated_Source\PSoC5/cyfitter_cfg.c ****     /* `#END` */
 145:Generated_Source\PSoC5/cyfitter_cfg.c **** 
 146:Generated_Source\PSoC5/cyfitter_cfg.c ****     while(1) {}
 147:Generated_Source\PSoC5/cyfitter_cfg.c **** #endif /* CY_CFG_CLOCK_STARTUP_ERROR_CALLBACK */
 148:Generated_Source\PSoC5/cyfitter_cfg.c **** }
 149:Generated_Source\PSoC5/cyfitter_cfg.c **** #endif
 150:Generated_Source\PSoC5/cyfitter_cfg.c **** 
 151:Generated_Source\PSoC5/cyfitter_cfg.c **** /* IOPINS0_1 Address: CYREG_PRT1_DM0 Size (bytes): 8 */
 152:Generated_Source\PSoC5/cyfitter_cfg.c **** #define BS_IOPINS0_1_VAL ((const uint8 CYFAR *)0x48000000u)
 153:Generated_Source\PSoC5/cyfitter_cfg.c **** 
 154:Generated_Source\PSoC5/cyfitter_cfg.c **** /* IOPINS0_2 Address: CYREG_PRT2_DM0 Size (bytes): 8 */
 155:Generated_Source\PSoC5/cyfitter_cfg.c **** #define BS_IOPINS0_2_VAL ((const uint8 CYFAR *)0x48000008u)
 156:Generated_Source\PSoC5/cyfitter_cfg.c **** 
 157:Generated_Source\PSoC5/cyfitter_cfg.c **** 
 158:Generated_Source\PSoC5/cyfitter_cfg.c **** /*******************************************************************************
 159:Generated_Source\PSoC5/cyfitter_cfg.c **** * Function Name: ClockSetup
 160:Generated_Source\PSoC5/cyfitter_cfg.c **** ********************************************************************************
 161:Generated_Source\PSoC5/cyfitter_cfg.c **** *
 162:Generated_Source\PSoC5/cyfitter_cfg.c **** * Summary:
 163:Generated_Source\PSoC5/cyfitter_cfg.c **** *  Performs the initialization of all of the clocks in the device based on the
 164:Generated_Source\PSoC5/cyfitter_cfg.c **** *  settings in the Clock tab of the DWR.  This includes enabling the requested
 165:Generated_Source\PSoC5/cyfitter_cfg.c **** *  clocks and setting the necessary dividers to produce the desired frequency. 
 166:Generated_Source\PSoC5/cyfitter_cfg.c **** *
 167:Generated_Source\PSoC5/cyfitter_cfg.c **** * Parameters:
 168:Generated_Source\PSoC5/cyfitter_cfg.c **** *  void
 169:Generated_Source\PSoC5/cyfitter_cfg.c **** *
 170:Generated_Source\PSoC5/cyfitter_cfg.c **** * Return:
 171:Generated_Source\PSoC5/cyfitter_cfg.c **** *  void
 172:Generated_Source\PSoC5/cyfitter_cfg.c **** *
 173:Generated_Source\PSoC5/cyfitter_cfg.c **** *******************************************************************************/
 174:Generated_Source\PSoC5/cyfitter_cfg.c **** static void ClockSetup(void);
 175:Generated_Source\PSoC5/cyfitter_cfg.c **** static void ClockSetup(void)
 176:Generated_Source\PSoC5/cyfitter_cfg.c **** {
 177:Generated_Source\PSoC5/cyfitter_cfg.c **** 	uint32 timeout;
 178:Generated_Source\PSoC5/cyfitter_cfg.c **** 	uint8 pllLock;
 179:Generated_Source\PSoC5/cyfitter_cfg.c **** 
 180:Generated_Source\PSoC5/cyfitter_cfg.c **** 
 181:Generated_Source\PSoC5/cyfitter_cfg.c **** 	/* Configure ILO based on settings from Clock DWR */
 182:Generated_Source\PSoC5/cyfitter_cfg.c **** 	CY_SET_XTND_REG8((void CYFAR *)(CYREG_SLOWCLK_ILO_CR0), 0x06u);
 183:Generated_Source\PSoC5/cyfitter_cfg.c **** 
ARM GAS  C:\Users\Admin\AppData\Local\Temp\ccp6gz8P.s 			page 5


 184:Generated_Source\PSoC5/cyfitter_cfg.c **** 	/* Configure IMO based on settings from Clock DWR */
 185:Generated_Source\PSoC5/cyfitter_cfg.c **** 	CY_SET_XTND_REG8((void CYFAR *)(CYREG_FASTCLK_IMO_CR), 0x52u);
 186:Generated_Source\PSoC5/cyfitter_cfg.c **** 	CY_SET_XTND_REG8((void CYFAR *)(CYREG_IMO_TR1), (CY_GET_XTND_REG8((void CYFAR *)CYREG_FLSHID_CUST_
 187:Generated_Source\PSoC5/cyfitter_cfg.c **** 
 188:Generated_Source\PSoC5/cyfitter_cfg.c **** 	/* Configure PLL based on settings from Clock DWR */
 189:Generated_Source\PSoC5/cyfitter_cfg.c **** 	CY_SET_XTND_REG16((void CYFAR *)(CYREG_FASTCLK_PLL_P), 0x0708u);
 190:Generated_Source\PSoC5/cyfitter_cfg.c **** 	CY_SET_XTND_REG16((void CYFAR *)(CYREG_FASTCLK_PLL_CFG0), 0x1251u);
 191:Generated_Source\PSoC5/cyfitter_cfg.c **** 	/* Wait up to 250us for the PLL to lock */
 192:Generated_Source\PSoC5/cyfitter_cfg.c **** 	pllLock = 0u;
 193:Generated_Source\PSoC5/cyfitter_cfg.c **** 	for (timeout = 250u / 10u; (timeout > 0u) && (pllLock != 0x03u); timeout--)
 194:Generated_Source\PSoC5/cyfitter_cfg.c **** 	{ 
 195:Generated_Source\PSoC5/cyfitter_cfg.c **** 		pllLock = 0x03u & ((uint8)((uint8)pllLock << 1) | ((CY_GET_XTND_REG8((void CYFAR *)CYREG_FASTCLK_
 196:Generated_Source\PSoC5/cyfitter_cfg.c **** 		CyDelayCycles(10u * 48u); /* Delay 10us based on 48MHz clock */
 197:Generated_Source\PSoC5/cyfitter_cfg.c **** 	}
 198:Generated_Source\PSoC5/cyfitter_cfg.c **** 	/* If we ran out of time the PLL didn't lock so go to the error function */
 199:Generated_Source\PSoC5/cyfitter_cfg.c **** 	if (timeout == 0u)
 200:Generated_Source\PSoC5/cyfitter_cfg.c **** 	{
 201:Generated_Source\PSoC5/cyfitter_cfg.c **** 		CyClockStartupError(CYCLOCKSTART_PLL_ERROR);
 202:Generated_Source\PSoC5/cyfitter_cfg.c **** 	}
 203:Generated_Source\PSoC5/cyfitter_cfg.c **** 
 204:Generated_Source\PSoC5/cyfitter_cfg.c **** 	/* Configure Bus/Master Clock based on settings from Clock DWR */
 205:Generated_Source\PSoC5/cyfitter_cfg.c **** 	CY_SET_XTND_REG16((void CYFAR *)(CYREG_CLKDIST_MSTR0), 0x0100u);
 206:Generated_Source\PSoC5/cyfitter_cfg.c **** 	CY_SET_XTND_REG8((void CYFAR *)(CYREG_CLKDIST_MSTR0), 0x07u);
 207:Generated_Source\PSoC5/cyfitter_cfg.c **** 	CY_SET_XTND_REG8((void CYFAR *)(CYREG_CLKDIST_BCFG0), 0x00u);
 208:Generated_Source\PSoC5/cyfitter_cfg.c **** 	CY_SET_XTND_REG8((void CYFAR *)(CYREG_CLKDIST_BCFG2), 0x48u);
 209:Generated_Source\PSoC5/cyfitter_cfg.c **** 	CY_SET_XTND_REG8((void CYFAR *)(CYREG_CLKDIST_MSTR0), 0x00u);
 210:Generated_Source\PSoC5/cyfitter_cfg.c **** 
 211:Generated_Source\PSoC5/cyfitter_cfg.c **** 	/* Configure USB Clock based on settings from Clock DWR */
 212:Generated_Source\PSoC5/cyfitter_cfg.c **** 	CY_SET_XTND_REG8((void CYFAR *)(CYREG_CLKDIST_UCFG), 0x00u);
 213:Generated_Source\PSoC5/cyfitter_cfg.c **** 	CY_SET_XTND_REG8((void CYFAR *)(CYREG_CLKDIST_LD), 0x02u);
 214:Generated_Source\PSoC5/cyfitter_cfg.c **** }
 215:Generated_Source\PSoC5/cyfitter_cfg.c **** 
 216:Generated_Source\PSoC5/cyfitter_cfg.c **** 
 217:Generated_Source\PSoC5/cyfitter_cfg.c **** /* Analog API Functions */
 218:Generated_Source\PSoC5/cyfitter_cfg.c **** 
 219:Generated_Source\PSoC5/cyfitter_cfg.c **** 
 220:Generated_Source\PSoC5/cyfitter_cfg.c **** /*******************************************************************************
 221:Generated_Source\PSoC5/cyfitter_cfg.c **** * Function Name: AnalogSetDefault
 222:Generated_Source\PSoC5/cyfitter_cfg.c **** ********************************************************************************
 223:Generated_Source\PSoC5/cyfitter_cfg.c **** *
 224:Generated_Source\PSoC5/cyfitter_cfg.c **** * Summary:
 225:Generated_Source\PSoC5/cyfitter_cfg.c **** *  Sets up the analog portions of the chip to default values based on chip
 226:Generated_Source\PSoC5/cyfitter_cfg.c **** *  configuration options from the project.
 227:Generated_Source\PSoC5/cyfitter_cfg.c **** *
 228:Generated_Source\PSoC5/cyfitter_cfg.c **** * Parameters:
 229:Generated_Source\PSoC5/cyfitter_cfg.c **** *  void
 230:Generated_Source\PSoC5/cyfitter_cfg.c **** *
 231:Generated_Source\PSoC5/cyfitter_cfg.c **** * Return:
 232:Generated_Source\PSoC5/cyfitter_cfg.c **** *  void
 233:Generated_Source\PSoC5/cyfitter_cfg.c **** *
 234:Generated_Source\PSoC5/cyfitter_cfg.c **** *******************************************************************************/
 235:Generated_Source\PSoC5/cyfitter_cfg.c **** static void AnalogSetDefault(void);
 236:Generated_Source\PSoC5/cyfitter_cfg.c **** static void AnalogSetDefault(void)
 237:Generated_Source\PSoC5/cyfitter_cfg.c **** {
  46              		.loc 1 237 0
  47              		.cfi_startproc
  48              		@ args = 0, pretend = 0, frame = 0
ARM GAS  C:\Users\Admin\AppData\Local\Temp\ccp6gz8P.s 			page 6


  49              		@ frame_needed = 0, uses_anonymous_args = 0
  50              		@ link register save eliminated.
 238:Generated_Source\PSoC5/cyfitter_cfg.c **** 	uint8 bg_xover_inl_trim = CY_GET_XTND_REG8((void CYFAR *)(CYREG_FLSHID_MFG_CFG_BG_XOVER_INL_TRIM +
  51              		.loc 1 238 0
  52 0000 064B     		ldr	r3, .L4
  53 0002 1B78     		ldrb	r3, [r3]	@ zero_extendqisi2
  54 0004 DBB2     		uxtb	r3, r3
  55              	.LVL1:
 239:Generated_Source\PSoC5/cyfitter_cfg.c **** 	CY_SET_XTND_REG8((void CYFAR *)(CYREG_BG_DFT0), (bg_xover_inl_trim & 0x07u));
  56              		.loc 1 239 0
  57 0006 03F00701 		and	r1, r3, #7
  58 000a 054A     		ldr	r2, .L4+4
  59 000c 1170     		strb	r1, [r2]
 240:Generated_Source\PSoC5/cyfitter_cfg.c **** 	CY_SET_XTND_REG8((void CYFAR *)(CYREG_BG_DFT1), ((bg_xover_inl_trim >> 4) & 0x0Fu));
  60              		.loc 1 240 0
  61 000e 1B09     		lsrs	r3, r3, #4
  62              	.LVL2:
  63 0010 0132     		adds	r2, r2, #1
  64 0012 1370     		strb	r3, [r2]
 241:Generated_Source\PSoC5/cyfitter_cfg.c **** 	CY_SET_XTND_REG8((void CYFAR *)CYREG_PUMP_CR0, 0x44u);
  65              		.loc 1 241 0
  66 0014 4422     		movs	r2, #68
  67 0016 034B     		ldr	r3, .L4+8
  68 0018 1A70     		strb	r2, [r3]
  69 001a 7047     		bx	lr
  70              	.L5:
  71              		.align	2
  72              	.L4:
  73 001c CF010049 		.word	1224737231
  74 0020 6E580040 		.word	1073764462
  75 0024 76580040 		.word	1073764470
  76              		.cfi_endproc
  77              	.LFE5:
  78              		.size	AnalogSetDefault, .-AnalogSetDefault
  79              		.section	.text.CYMEMZERO,"ax",%progbits
  80              		.align	2
  81              		.thumb
  82              		.thumb_func
  83              		.type	CYMEMZERO, %function
  84              	CYMEMZERO:
  85              	.LFB0:
  78:Generated_Source\PSoC5/cyfitter_cfg.c **** 	(void)memset(s, 0, n);
  86              		.loc 1 78 0
  87              		.cfi_startproc
  88              		@ args = 0, pretend = 0, frame = 0
  89              		@ frame_needed = 0, uses_anonymous_args = 0
  90              	.LVL3:
  91 0000 08B5     		push	{r3, lr}
  92              		.cfi_def_cfa_offset 8
  93              		.cfi_offset 3, -8
  94              		.cfi_offset 14, -4
  79:Generated_Source\PSoC5/cyfitter_cfg.c **** }
  95              		.loc 1 79 0
  96 0002 0A46     		mov	r2, r1
  97 0004 0021     		movs	r1, #0
  98              	.LVL4:
  99 0006 FFF7FEFF 		bl	memset
ARM GAS  C:\Users\Admin\AppData\Local\Temp\ccp6gz8P.s 			page 7


 100              	.LVL5:
 101 000a 08BD     		pop	{r3, pc}
 102              		.cfi_endproc
 103              	.LFE0:
 104              		.size	CYMEMZERO, .-CYMEMZERO
 105              		.section	.text.ClockSetup,"ax",%progbits
 106              		.align	2
 107              		.thumb
 108              		.thumb_func
 109              		.type	ClockSetup, %function
 110              	ClockSetup:
 111              	.LFB4:
 176:Generated_Source\PSoC5/cyfitter_cfg.c **** 	uint32 timeout;
 112              		.loc 1 176 0
 113              		.cfi_startproc
 114              		@ args = 0, pretend = 0, frame = 0
 115              		@ frame_needed = 0, uses_anonymous_args = 0
 116 0000 38B5     		push	{r3, r4, r5, lr}
 117              		.cfi_def_cfa_offset 16
 118              		.cfi_offset 3, -16
 119              		.cfi_offset 4, -12
 120              		.cfi_offset 5, -8
 121              		.cfi_offset 14, -4
 182:Generated_Source\PSoC5/cyfitter_cfg.c **** 
 122              		.loc 1 182 0
 123 0002 0622     		movs	r2, #6
 124 0004 1E4B     		ldr	r3, .L14
 125 0006 1A70     		strb	r2, [r3]
 185:Generated_Source\PSoC5/cyfitter_cfg.c **** 	CY_SET_XTND_REG8((void CYFAR *)(CYREG_IMO_TR1), (CY_GET_XTND_REG8((void CYFAR *)CYREG_FLSHID_CUST_
 126              		.loc 1 185 0
 127 0008 5222     		movs	r2, #82
 128 000a A3F58073 		sub	r3, r3, #256
 129 000e 1A70     		strb	r2, [r3]
 186:Generated_Source\PSoC5/cyfitter_cfg.c **** 
 130              		.loc 1 186 0
 131 0010 1C4B     		ldr	r3, .L14+4
 132 0012 1B78     		ldrb	r3, [r3]	@ zero_extendqisi2
 133 0014 DBB2     		uxtb	r3, r3
 134 0016 1C4A     		ldr	r2, .L14+8
 135 0018 1370     		strb	r3, [r2]
 189:Generated_Source\PSoC5/cyfitter_cfg.c **** 	CY_SET_XTND_REG16((void CYFAR *)(CYREG_FASTCLK_PLL_CFG0), 0x1251u);
 136              		.loc 1 189 0
 137 001a 4FF4E162 		mov	r2, #1800
 138 001e 1B4B     		ldr	r3, .L14+12
 139 0020 1A80     		strh	r2, [r3]	@ movhi
 190:Generated_Source\PSoC5/cyfitter_cfg.c **** 	/* Wait up to 250us for the PLL to lock */
 140              		.loc 1 190 0
 141 0022 41F25122 		movw	r2, #4689
 142 0026 023B     		subs	r3, r3, #2
 143 0028 1A80     		strh	r2, [r3]	@ movhi
 144              	.LVL6:
 192:Generated_Source\PSoC5/cyfitter_cfg.c **** 	for (timeout = 250u / 10u; (timeout > 0u) && (pllLock != 0x03u); timeout--)
 145              		.loc 1 192 0
 146 002a 0024     		movs	r4, #0
 193:Generated_Source\PSoC5/cyfitter_cfg.c **** 	{ 
 147              		.loc 1 193 0
 148 002c 1925     		movs	r5, #25
ARM GAS  C:\Users\Admin\AppData\Local\Temp\ccp6gz8P.s 			page 8


 149 002e 0CE0     		b	.L9
 150              	.LVL7:
 151              	.L11:
 195:Generated_Source\PSoC5/cyfitter_cfg.c **** 		CyDelayCycles(10u * 48u); /* Delay 10us based on 48MHz clock */
 152              		.loc 1 195 0 discriminator 4
 153 0030 174B     		ldr	r3, .L14+16
 154 0032 1B78     		ldrb	r3, [r3]	@ zero_extendqisi2
 155 0034 03F00103 		and	r3, r3, #1
 156 0038 43EA4404 		orr	r4, r3, r4, lsl #1
 157              	.LVL8:
 158 003c 04F00304 		and	r4, r4, #3
 159              	.LVL9:
 196:Generated_Source\PSoC5/cyfitter_cfg.c **** 	}
 160              		.loc 1 196 0 discriminator 4
 161 0040 4FF4F070 		mov	r0, #480
 162 0044 FFF7FEFF 		bl	CyDelayCycles
 163              	.LVL10:
 193:Generated_Source\PSoC5/cyfitter_cfg.c **** 	{ 
 164              		.loc 1 193 0 discriminator 4
 165 0048 013D     		subs	r5, r5, #1
 166              	.LVL11:
 167              	.L9:
 193:Generated_Source\PSoC5/cyfitter_cfg.c **** 	{ 
 168              		.loc 1 193 0 is_stmt 0 discriminator 1
 169 004a 0DB1     		cbz	r5, .L10
 193:Generated_Source\PSoC5/cyfitter_cfg.c **** 	{ 
 170              		.loc 1 193 0 discriminator 3
 171 004c 032C     		cmp	r4, #3
 172 004e EFD1     		bne	.L11
 173              	.L10:
 199:Generated_Source\PSoC5/cyfitter_cfg.c **** 	{
 174              		.loc 1 199 0 is_stmt 1
 175 0050 15B9     		cbnz	r5, .L12
 201:Generated_Source\PSoC5/cyfitter_cfg.c **** 	}
 176              		.loc 1 201 0
 177 0052 0320     		movs	r0, #3
 178 0054 FFF7FEFF 		bl	CyClockStartupError
 179              	.LVL12:
 180              	.L12:
 205:Generated_Source\PSoC5/cyfitter_cfg.c **** 	CY_SET_XTND_REG8((void CYFAR *)(CYREG_CLKDIST_MSTR0), 0x07u);
 181              		.loc 1 205 0
 182 0058 0E4A     		ldr	r2, .L14+20
 183 005a 4FF48073 		mov	r3, #256
 184 005e 1380     		strh	r3, [r2]	@ movhi
 206:Generated_Source\PSoC5/cyfitter_cfg.c **** 	CY_SET_XTND_REG8((void CYFAR *)(CYREG_CLKDIST_BCFG0), 0x00u);
 185              		.loc 1 206 0
 186 0060 0723     		movs	r3, #7
 187 0062 1370     		strb	r3, [r2]
 207:Generated_Source\PSoC5/cyfitter_cfg.c **** 	CY_SET_XTND_REG8((void CYFAR *)(CYREG_CLKDIST_BCFG2), 0x48u);
 188              		.loc 1 207 0
 189 0064 0023     		movs	r3, #0
 190 0066 0C49     		ldr	r1, .L14+24
 191 0068 0B70     		strb	r3, [r1]
 208:Generated_Source\PSoC5/cyfitter_cfg.c **** 	CY_SET_XTND_REG8((void CYFAR *)(CYREG_CLKDIST_MSTR0), 0x00u);
 192              		.loc 1 208 0
 193 006a 4820     		movs	r0, #72
 194 006c 0231     		adds	r1, r1, #2
ARM GAS  C:\Users\Admin\AppData\Local\Temp\ccp6gz8P.s 			page 9


 195 006e 0870     		strb	r0, [r1]
 209:Generated_Source\PSoC5/cyfitter_cfg.c **** 
 196              		.loc 1 209 0
 197 0070 1370     		strb	r3, [r2]
 212:Generated_Source\PSoC5/cyfitter_cfg.c **** 	CY_SET_XTND_REG8((void CYFAR *)(CYREG_CLKDIST_LD), 0x02u);
 198              		.loc 1 212 0
 199 0072 0532     		adds	r2, r2, #5
 200 0074 1370     		strb	r3, [r2]
 213:Generated_Source\PSoC5/cyfitter_cfg.c **** }
 201              		.loc 1 213 0
 202 0076 0222     		movs	r2, #2
 203 0078 084B     		ldr	r3, .L14+28
 204 007a 1A70     		strb	r2, [r3]
 205 007c 38BD     		pop	{r3, r4, r5, pc}
 206              	.LVL13:
 207              	.L15:
 208 007e 00BF     		.align	2
 209              	.L14:
 210 0080 00430040 		.word	1073758976
 211 0084 0F010049 		.word	1224737039
 212 0088 A1460040 		.word	1073759905
 213 008c 22420040 		.word	1073758754
 214 0090 25420040 		.word	1073758757
 215 0094 04400040 		.word	1073758212
 216 0098 06400040 		.word	1073758214
 217 009c 01400040 		.word	1073758209
 218              		.cfi_endproc
 219              	.LFE4:
 220              		.size	ClockSetup, .-ClockSetup
 221              		.section	.text.CYCONFIGCPY,"ax",%progbits
 222              		.align	2
 223              		.thumb
 224              		.thumb_func
 225              		.type	CYCONFIGCPY, %function
 226              	CYCONFIGCPY:
 227              	.LFB1:
  85:Generated_Source\PSoC5/cyfitter_cfg.c **** 	(void)memcpy(dest, src, n);
 228              		.loc 1 85 0
 229              		.cfi_startproc
 230              		@ args = 0, pretend = 0, frame = 0
 231              		@ frame_needed = 0, uses_anonymous_args = 0
 232              	.LVL14:
 233 0000 08B5     		push	{r3, lr}
 234              		.cfi_def_cfa_offset 8
 235              		.cfi_offset 3, -8
 236              		.cfi_offset 14, -4
  86:Generated_Source\PSoC5/cyfitter_cfg.c **** }
 237              		.loc 1 86 0
 238 0002 FFF7FEFF 		bl	memcpy
 239              	.LVL15:
 240 0006 08BD     		pop	{r3, pc}
 241              		.cfi_endproc
 242              	.LFE1:
 243              		.size	CYCONFIGCPY, .-CYCONFIGCPY
 244              		.section	.text.SetAnalogRoutingPumps,"ax",%progbits
 245              		.align	2
 246              		.global	SetAnalogRoutingPumps
ARM GAS  C:\Users\Admin\AppData\Local\Temp\ccp6gz8P.s 			page 10


 247              		.thumb
 248              		.thumb_func
 249              		.type	SetAnalogRoutingPumps, %function
 250              	SetAnalogRoutingPumps:
 251              	.LFB6:
 242:Generated_Source\PSoC5/cyfitter_cfg.c **** }
 243:Generated_Source\PSoC5/cyfitter_cfg.c **** 
 244:Generated_Source\PSoC5/cyfitter_cfg.c **** 
 245:Generated_Source\PSoC5/cyfitter_cfg.c **** /*******************************************************************************
 246:Generated_Source\PSoC5/cyfitter_cfg.c **** * Function Name: SetAnalogRoutingPumps
 247:Generated_Source\PSoC5/cyfitter_cfg.c **** ********************************************************************************
 248:Generated_Source\PSoC5/cyfitter_cfg.c **** *
 249:Generated_Source\PSoC5/cyfitter_cfg.c **** * Summary:
 250:Generated_Source\PSoC5/cyfitter_cfg.c **** * Enables or disables the analog pumps feeding analog routing switches.
 251:Generated_Source\PSoC5/cyfitter_cfg.c **** * Intended to be called at startup, based on the Vdda system configuration;
 252:Generated_Source\PSoC5/cyfitter_cfg.c **** * may be called during operation when the user informs us that the Vdda voltage
 253:Generated_Source\PSoC5/cyfitter_cfg.c **** * crossed the pump threshold.
 254:Generated_Source\PSoC5/cyfitter_cfg.c **** *
 255:Generated_Source\PSoC5/cyfitter_cfg.c **** * Parameters:
 256:Generated_Source\PSoC5/cyfitter_cfg.c **** *  enabled - 1 to enable the pumps, 0 to disable the pumps
 257:Generated_Source\PSoC5/cyfitter_cfg.c **** *
 258:Generated_Source\PSoC5/cyfitter_cfg.c **** * Return:
 259:Generated_Source\PSoC5/cyfitter_cfg.c **** *  void
 260:Generated_Source\PSoC5/cyfitter_cfg.c **** *
 261:Generated_Source\PSoC5/cyfitter_cfg.c **** *******************************************************************************/
 262:Generated_Source\PSoC5/cyfitter_cfg.c **** void SetAnalogRoutingPumps(uint8 enabled)
 263:Generated_Source\PSoC5/cyfitter_cfg.c **** {
 252              		.loc 1 263 0
 253              		.cfi_startproc
 254              		@ args = 0, pretend = 0, frame = 0
 255              		@ frame_needed = 0, uses_anonymous_args = 0
 256              		@ link register save eliminated.
 257              	.LVL16:
 264:Generated_Source\PSoC5/cyfitter_cfg.c **** 	uint8 regValue = CY_GET_XTND_REG8((void CYFAR *)CYREG_PUMP_CR0);
 258              		.loc 1 264 0
 259 0000 024A     		ldr	r2, .L19
 260 0002 1378     		ldrb	r3, [r2]	@ zero_extendqisi2
 261 0004 DBB2     		uxtb	r3, r3
 262              	.LVL17:
 265:Generated_Source\PSoC5/cyfitter_cfg.c **** 	if (enabled != 0u)
 266:Generated_Source\PSoC5/cyfitter_cfg.c **** 	{
 267:Generated_Source\PSoC5/cyfitter_cfg.c **** 		regValue |= 0x00u;
 268:Generated_Source\PSoC5/cyfitter_cfg.c **** 	}
 269:Generated_Source\PSoC5/cyfitter_cfg.c **** 	else
 270:Generated_Source\PSoC5/cyfitter_cfg.c **** 	{
 271:Generated_Source\PSoC5/cyfitter_cfg.c **** 		regValue &= (uint8)~0x00u;
 272:Generated_Source\PSoC5/cyfitter_cfg.c **** 	}
 273:Generated_Source\PSoC5/cyfitter_cfg.c **** 	CY_SET_XTND_REG8((void CYFAR *)CYREG_PUMP_CR0, regValue);
 263              		.loc 1 273 0
 264 0006 1370     		strb	r3, [r2]
 265 0008 7047     		bx	lr
 266              	.L20:
 267 000a 00BF     		.align	2
 268              	.L19:
 269 000c 76580040 		.word	1073764470
 270              		.cfi_endproc
 271              	.LFE6:
ARM GAS  C:\Users\Admin\AppData\Local\Temp\ccp6gz8P.s 			page 11


 272              		.size	SetAnalogRoutingPumps, .-SetAnalogRoutingPumps
 273              		.section	.text.cyfitter_cfg,"ax",%progbits
 274              		.align	2
 275              		.global	cyfitter_cfg
 276              		.thumb
 277              		.thumb_func
 278              		.type	cyfitter_cfg, %function
 279              	cyfitter_cfg:
 280              	.LFB7:
 274:Generated_Source\PSoC5/cyfitter_cfg.c **** }
 275:Generated_Source\PSoC5/cyfitter_cfg.c **** 
 276:Generated_Source\PSoC5/cyfitter_cfg.c **** 
 277:Generated_Source\PSoC5/cyfitter_cfg.c **** 
 278:Generated_Source\PSoC5/cyfitter_cfg.c **** 
 279:Generated_Source\PSoC5/cyfitter_cfg.c **** /*******************************************************************************
 280:Generated_Source\PSoC5/cyfitter_cfg.c **** * Function Name: cyfitter_cfg
 281:Generated_Source\PSoC5/cyfitter_cfg.c **** ********************************************************************************
 282:Generated_Source\PSoC5/cyfitter_cfg.c **** * Summary:
 283:Generated_Source\PSoC5/cyfitter_cfg.c **** *  This function is called by the start-up code for the selected device. It
 284:Generated_Source\PSoC5/cyfitter_cfg.c **** *  performs all of the necessary device configuration based on the design
 285:Generated_Source\PSoC5/cyfitter_cfg.c **** *  settings.  This includes settings from the Design Wide Resources (DWR) such
 286:Generated_Source\PSoC5/cyfitter_cfg.c **** *  as Clocks and Pins as well as any component configuration that is necessary.
 287:Generated_Source\PSoC5/cyfitter_cfg.c **** *
 288:Generated_Source\PSoC5/cyfitter_cfg.c **** * Parameters:
 289:Generated_Source\PSoC5/cyfitter_cfg.c **** *   void
 290:Generated_Source\PSoC5/cyfitter_cfg.c **** *
 291:Generated_Source\PSoC5/cyfitter_cfg.c **** * Return:
 292:Generated_Source\PSoC5/cyfitter_cfg.c **** *   void
 293:Generated_Source\PSoC5/cyfitter_cfg.c **** *
 294:Generated_Source\PSoC5/cyfitter_cfg.c **** *******************************************************************************/
 295:Generated_Source\PSoC5/cyfitter_cfg.c **** 
 296:Generated_Source\PSoC5/cyfitter_cfg.c **** void cyfitter_cfg(void)
 297:Generated_Source\PSoC5/cyfitter_cfg.c **** {
 281              		.loc 1 297 0
 282              		.cfi_startproc
 283              		@ args = 0, pretend = 0, frame = 0
 284              		@ frame_needed = 0, uses_anonymous_args = 0
 285 0000 38B5     		push	{r3, r4, r5, lr}
 286              		.cfi_def_cfa_offset 16
 287              		.cfi_offset 3, -16
 288              		.cfi_offset 4, -12
 289              		.cfi_offset 5, -8
 290              		.cfi_offset 14, -4
 298:Generated_Source\PSoC5/cyfitter_cfg.c **** #ifdef CYGlobalIntDisable
 299:Generated_Source\PSoC5/cyfitter_cfg.c **** 	/* Disable interrupts by default. Let user enable if/when they want. */
 300:Generated_Source\PSoC5/cyfitter_cfg.c **** 	CYGlobalIntDisable
 291              		.loc 1 300 0
 292              		.syntax unified
 293              	@ 300 "Generated_Source\PSoC5\cyfitter_cfg.c" 1
 294 0002 72B6     		CPSID   i
 295              	@ 0 "" 2
 301:Generated_Source\PSoC5/cyfitter_cfg.c **** #endif
 302:Generated_Source\PSoC5/cyfitter_cfg.c **** 
 303:Generated_Source\PSoC5/cyfitter_cfg.c **** 	/* Enable/Disable Debug functionality based on settings from System DWR */
 304:Generated_Source\PSoC5/cyfitter_cfg.c **** 	CY_SET_XTND_REG8((void CYFAR *)CYREG_MLOGIC_DEBUG, (CY_GET_XTND_REG8((void CYFAR *)CYREG_MLOGIC_DE
 296              		.loc 1 304 0
 297              		.thumb
ARM GAS  C:\Users\Admin\AppData\Local\Temp\ccp6gz8P.s 			page 12


 298              		.syntax unified
 299 0004 204A     		ldr	r2, .L25
 300 0006 1378     		ldrb	r3, [r2]	@ zero_extendqisi2
 301 0008 43F00403 		orr	r3, r3, #4
 302 000c 1370     		strb	r3, [r2]
 303              	.LVL18:
 304              	.LBB2:
 305:Generated_Source\PSoC5/cyfitter_cfg.c **** 
 306:Generated_Source\PSoC5/cyfitter_cfg.c **** 	{
 307:Generated_Source\PSoC5/cyfitter_cfg.c **** 
 308:Generated_Source\PSoC5/cyfitter_cfg.c **** 		CYPACKED typedef struct {
 309:Generated_Source\PSoC5/cyfitter_cfg.c **** 			void CYFAR *address;
 310:Generated_Source\PSoC5/cyfitter_cfg.c **** 			uint16 size;
 311:Generated_Source\PSoC5/cyfitter_cfg.c **** 		} CYPACKED_ATTR cfg_memset_t;
 312:Generated_Source\PSoC5/cyfitter_cfg.c **** 
 313:Generated_Source\PSoC5/cyfitter_cfg.c **** 		static const cfg_memset_t CYCODE cfg_memset_list[] = {
 314:Generated_Source\PSoC5/cyfitter_cfg.c **** 			/* address, size */
 315:Generated_Source\PSoC5/cyfitter_cfg.c **** 			{(void CYFAR *)(CYREG_PRT0_DR), 16u},
 316:Generated_Source\PSoC5/cyfitter_cfg.c **** 			{(void CYFAR *)(CYREG_PRT3_DR), 64u},
 317:Generated_Source\PSoC5/cyfitter_cfg.c **** 			{(void CYFAR *)(CYREG_PRT12_DR), 16u},
 318:Generated_Source\PSoC5/cyfitter_cfg.c **** 			{(void CYFAR *)(CYREG_PRT15_DR), 16u},
 319:Generated_Source\PSoC5/cyfitter_cfg.c **** 			{(void CYFAR *)(CYDEV_UCFG_B0_P0_U0_BASE), 4096u},
 320:Generated_Source\PSoC5/cyfitter_cfg.c **** 			{(void CYFAR *)(CYDEV_UCFG_B1_P2_U0_BASE), 2048u},
 321:Generated_Source\PSoC5/cyfitter_cfg.c **** 			{(void CYFAR *)(CYDEV_UCFG_DSI0_BASE), 2560u},
 322:Generated_Source\PSoC5/cyfitter_cfg.c **** 			{(void CYFAR *)(CYDEV_UCFG_DSI12_BASE), 512u},
 323:Generated_Source\PSoC5/cyfitter_cfg.c **** 			{(void CYFAR *)(CYREG_BCTL0_MDCLK_EN), 32u},
 324:Generated_Source\PSoC5/cyfitter_cfg.c **** 		};
 325:Generated_Source\PSoC5/cyfitter_cfg.c **** 
 326:Generated_Source\PSoC5/cyfitter_cfg.c **** 		uint8 CYDATA i;
 327:Generated_Source\PSoC5/cyfitter_cfg.c **** 
 328:Generated_Source\PSoC5/cyfitter_cfg.c **** 		/* Zero out critical memory blocks before beginning configuration */
 329:Generated_Source\PSoC5/cyfitter_cfg.c **** 		for (i = 0u; i < (sizeof(cfg_memset_list)/sizeof(cfg_memset_list[0])); i++)
 305              		.loc 1 329 0
 306 000e 0024     		movs	r4, #0
 307 0010 0CE0     		b	.L22
 308              	.LVL19:
 309              	.L23:
 310              	.LBB3:
 330:Generated_Source\PSoC5/cyfitter_cfg.c **** 		{
 331:Generated_Source\PSoC5/cyfitter_cfg.c **** 			const cfg_memset_t CYCODE * CYDATA ms = &cfg_memset_list[i];
 332:Generated_Source\PSoC5/cyfitter_cfg.c **** 			CYMEMZERO(ms->address, (size_t)(uint32)(ms->size));
 311              		.loc 1 332 0 discriminator 3
 312 0012 1E4D     		ldr	r5, .L25+4
 313 0014 6300     		lsls	r3, r4, #1
 314 0016 1919     		adds	r1, r3, r4
 315 0018 4A00     		lsls	r2, r1, #1
 316 001a 1146     		mov	r1, r2
 317 001c 2A44     		add	r2, r2, r5
 318 001e 0846     		mov	r0, r1
 319 0020 9188     		ldrh	r1, [r2, #4]
 320 0022 2858     		ldr	r0, [r5, r0]	@ unaligned
 321 0024 FFF7FEFF 		bl	CYMEMZERO
 322              	.LVL20:
 323              	.LBE3:
 329:Generated_Source\PSoC5/cyfitter_cfg.c **** 		{
 324              		.loc 1 329 0 discriminator 3
 325 0028 0134     		adds	r4, r4, #1
ARM GAS  C:\Users\Admin\AppData\Local\Temp\ccp6gz8P.s 			page 13


 326              	.LVL21:
 327 002a E4B2     		uxtb	r4, r4
 328              	.LVL22:
 329              	.L22:
 329:Generated_Source\PSoC5/cyfitter_cfg.c **** 		{
 330              		.loc 1 329 0 is_stmt 0 discriminator 1
 331 002c 082C     		cmp	r4, #8
 332 002e F0D9     		bls	.L23
 333:Generated_Source\PSoC5/cyfitter_cfg.c **** 		}
 334:Generated_Source\PSoC5/cyfitter_cfg.c **** 
 335:Generated_Source\PSoC5/cyfitter_cfg.c **** 		/* Enable digital routing */
 336:Generated_Source\PSoC5/cyfitter_cfg.c **** 		CY_SET_XTND_REG8((void CYFAR *)CYREG_BCTL0_BANK_CTL, CY_GET_XTND_REG8((void CYFAR *)CYREG_BCTL0_B
 333              		.loc 1 336 0 is_stmt 1
 334 0030 174A     		ldr	r2, .L25+8
 335 0032 1378     		ldrb	r3, [r2]	@ zero_extendqisi2
 336 0034 43F00203 		orr	r3, r3, #2
 337 0038 1370     		strb	r3, [r2]
 337:Generated_Source\PSoC5/cyfitter_cfg.c **** 		CY_SET_XTND_REG8((void CYFAR *)CYREG_BCTL1_BANK_CTL, CY_GET_XTND_REG8((void CYFAR *)CYREG_BCTL1_B
 338              		.loc 1 337 0
 339 003a 1032     		adds	r2, r2, #16
 340 003c 1378     		ldrb	r3, [r2]	@ zero_extendqisi2
 341 003e 43F00203 		orr	r3, r3, #2
 342 0042 1370     		strb	r3, [r2]
 343              	.LBE2:
 338:Generated_Source\PSoC5/cyfitter_cfg.c **** 	}
 339:Generated_Source\PSoC5/cyfitter_cfg.c **** 
 340:Generated_Source\PSoC5/cyfitter_cfg.c **** 
 341:Generated_Source\PSoC5/cyfitter_cfg.c **** 	/* Perform second pass device configuration. These items must be configured in specific order afte
 342:Generated_Source\PSoC5/cyfitter_cfg.c **** 	CYCONFIGCPY((void CYFAR *)(CYREG_PRT1_DM0), (const void CYFAR *)(BS_IOPINS0_1_VAL), 8u);
 344              		.loc 1 342 0
 345 0044 0822     		movs	r2, #8
 346 0046 4FF09041 		mov	r1, #1207959552
 347 004a 1248     		ldr	r0, .L25+12
 348 004c FFF7FEFF 		bl	CYCONFIGCPY
 349              	.LVL23:
 343:Generated_Source\PSoC5/cyfitter_cfg.c **** 	CYCONFIGCPY((void CYFAR *)(CYREG_PRT2_DM0), (const void CYFAR *)(BS_IOPINS0_2_VAL), 8u);
 350              		.loc 1 343 0
 351 0050 0822     		movs	r2, #8
 352 0052 1149     		ldr	r1, .L25+16
 353 0054 1148     		ldr	r0, .L25+20
 354 0056 FFF7FEFF 		bl	CYCONFIGCPY
 355              	.LVL24:
 344:Generated_Source\PSoC5/cyfitter_cfg.c **** 	/* Switch Boost to the precision bandgap reference from its internal reference */
 345:Generated_Source\PSoC5/cyfitter_cfg.c **** 	CY_SET_REG8((void CYXDATA *)CYREG_BOOST_CR2, (CY_GET_REG8((void CYXDATA *)CYREG_BOOST_CR2) | 0x08u
 356              		.loc 1 345 0
 357 005a 114A     		ldr	r2, .L25+24
 358 005c 1378     		ldrb	r3, [r2]	@ zero_extendqisi2
 359 005e 43F00803 		orr	r3, r3, #8
 360 0062 1370     		strb	r3, [r2]
 346:Generated_Source\PSoC5/cyfitter_cfg.c **** 
 347:Generated_Source\PSoC5/cyfitter_cfg.c **** 	/* Set Flash Cycles based on max possible frequency in case a glitch occurs during ClockSetup(). *
 348:Generated_Source\PSoC5/cyfitter_cfg.c **** 	CY_SET_XTND_REG8((void CYFAR *)(CYREG_CACHE_CC_CTL), (((CYDEV_INSTRUCT_CACHE_ENABLED) != 0) ? 0x61
 361              		.loc 1 348 0
 362 0064 0F4C     		ldr	r4, .L25+28
 363              	.LVL25:
 364 0066 6123     		movs	r3, #97
 365 0068 2370     		strb	r3, [r4]
ARM GAS  C:\Users\Admin\AppData\Local\Temp\ccp6gz8P.s 			page 14


 349:Generated_Source\PSoC5/cyfitter_cfg.c **** 	/* Setup clocks based on selections from Clock DWR */
 350:Generated_Source\PSoC5/cyfitter_cfg.c **** 	ClockSetup();
 366              		.loc 1 350 0
 367 006a FFF7FEFF 		bl	ClockSetup
 368              	.LVL26:
 351:Generated_Source\PSoC5/cyfitter_cfg.c **** 	/* Set Flash Cycles based on newly configured 24.00MHz Bus Clock. */
 352:Generated_Source\PSoC5/cyfitter_cfg.c **** 	CY_SET_XTND_REG8((void CYFAR *)(CYREG_CACHE_CC_CTL), (((CYDEV_INSTRUCT_CACHE_ENABLED) != 0) ? 0x81
 369              		.loc 1 352 0
 370 006e 8123     		movs	r3, #129
 371 0070 2370     		strb	r3, [r4]
 353:Generated_Source\PSoC5/cyfitter_cfg.c **** 	CY_SET_XTND_REG8((void CYFAR *)(CYREG_PANTHER_WAITPIPE), 0x01u);
 372              		.loc 1 353 0
 373 0072 0122     		movs	r2, #1
 374 0074 0C4B     		ldr	r3, .L25+32
 375 0076 1A70     		strb	r2, [r3]
 354:Generated_Source\PSoC5/cyfitter_cfg.c **** 
 355:Generated_Source\PSoC5/cyfitter_cfg.c **** 	/* Perform basic analog initialization to defaults */
 356:Generated_Source\PSoC5/cyfitter_cfg.c **** 	AnalogSetDefault();
 376              		.loc 1 356 0
 377 0078 FFF7FEFF 		bl	AnalogSetDefault
 378              	.LVL27:
 357:Generated_Source\PSoC5/cyfitter_cfg.c **** 
 358:Generated_Source\PSoC5/cyfitter_cfg.c **** 	/* Configure alternate active mode */
 359:Generated_Source\PSoC5/cyfitter_cfg.c **** 	CYCONFIGCPY((void CYFAR *)CYDEV_PM_STBY_BASE, (const void CYFAR *)CYDEV_PM_ACT_BASE, 14u);
 379              		.loc 1 359 0
 380 007c 0E22     		movs	r2, #14
 381 007e 0B49     		ldr	r1, .L25+36
 382 0080 0B48     		ldr	r0, .L25+40
 383 0082 FFF7FEFF 		bl	CYCONFIGCPY
 384              	.LVL28:
 385 0086 38BD     		pop	{r3, r4, r5, pc}
 386              	.L26:
 387              		.align	2
 388              	.L25:
 389 0088 E8460040 		.word	1073759976
 390 008c 00000000 		.word	.LANCHOR0
 391 0090 03500140 		.word	1073827843
 392 0094 12510040 		.word	1073762578
 393 0098 08000048 		.word	1207959560
 394 009c 22510040 		.word	1073762594
 395 00a0 22430040 		.word	1073759010
 396 00a4 00480040 		.word	1073760256
 397 00a8 04000840 		.word	1074266116
 398 00ac A0430040 		.word	1073759136
 399 00b0 B0430040 		.word	1073759152
 400              		.cfi_endproc
 401              	.LFE7:
 402              		.size	cyfitter_cfg, .-cyfitter_cfg
 403              		.section	.rodata
 404              		.align	2
 405              		.set	.LANCHOR0,. + 0
 406              		.type	cfg_memset_list.4992, %object
 407              		.size	cfg_memset_list.4992, 54
 408              	cfg_memset_list.4992:
 409 0000 00510040 		.word	1073762560
 410 0004 1000     		.short	16
 411 0006 30510040 		.4byte	1073762608
ARM GAS  C:\Users\Admin\AppData\Local\Temp\ccp6gz8P.s 			page 15


 412 000a 4000     		.short	64
 413 000c C0510040 		.word	1073762752
 414 0010 1000     		.short	16
 415 0012 F0510040 		.4byte	1073762800
 416 0016 1000     		.short	16
 417 0018 00000140 		.word	1073807360
 418 001c 0010     		.short	4096
 419 001e 00140140 		.4byte	1073812480
 420 0022 0008     		.short	2048
 421 0024 00400140 		.word	1073823744
 422 0028 000A     		.short	2560
 423 002a 004C0140 		.4byte	1073826816
 424 002e 0002     		.short	512
 425 0030 00500140 		.word	1073827840
 426 0034 2000     		.short	32
 427              		.text
 428              	.Letext0:
 429              		.file 2 "c:\\program files (x86)\\cypress\\psoc creator\\4.4\\psoc creator\\import\\gnu\\arm\\5.4.
 430              		.file 3 "Generated_Source\\PSoC5\\cytypes.h"
 431              		.file 4 "Generated_Source\\PSoC5\\CyLib.h"
 432              		.section	.debug_info,"",%progbits
 433              	.Ldebug_info0:
 434 0000 CD030000 		.4byte	0x3cd
 435 0004 0400     		.2byte	0x4
 436 0006 00000000 		.4byte	.Ldebug_abbrev0
 437 000a 04       		.byte	0x4
 438 000b 01       		.uleb128 0x1
 439 000c 8E000000 		.4byte	.LASF39
 440 0010 0C       		.byte	0xc
 441 0011 25020000 		.4byte	.LASF40
 442 0015 6E010000 		.4byte	.LASF41
 443 0019 00000000 		.4byte	.Ldebug_ranges0+0
 444 001d 00000000 		.4byte	0
 445 0021 00000000 		.4byte	.Ldebug_line0
 446 0025 02       		.uleb128 0x2
 447 0026 04       		.byte	0x4
 448 0027 05       		.byte	0x5
 449 0028 696E7400 		.ascii	"int\000"
 450 002c 03       		.uleb128 0x3
 451 002d 14000000 		.4byte	.LASF12
 452 0031 02       		.byte	0x2
 453 0032 D8       		.byte	0xd8
 454 0033 37000000 		.4byte	0x37
 455 0037 04       		.uleb128 0x4
 456 0038 04       		.byte	0x4
 457 0039 07       		.byte	0x7
 458 003a D5010000 		.4byte	.LASF0
 459 003e 04       		.uleb128 0x4
 460 003f 08       		.byte	0x8
 461 0040 05       		.byte	0x5
 462 0041 17020000 		.4byte	.LASF1
 463 0045 04       		.uleb128 0x4
 464 0046 08       		.byte	0x8
 465 0047 04       		.byte	0x4
 466 0048 72020000 		.4byte	.LASF2
 467 004c 04       		.uleb128 0x4
 468 004d 01       		.byte	0x1
ARM GAS  C:\Users\Admin\AppData\Local\Temp\ccp6gz8P.s 			page 16


 469 004e 06       		.byte	0x6
 470 004f 90020000 		.4byte	.LASF3
 471 0053 04       		.uleb128 0x4
 472 0054 01       		.byte	0x1
 473 0055 08       		.byte	0x8
 474 0056 59010000 		.4byte	.LASF4
 475 005a 04       		.uleb128 0x4
 476 005b 02       		.byte	0x2
 477 005c 05       		.byte	0x5
 478 005d 52020000 		.4byte	.LASF5
 479 0061 04       		.uleb128 0x4
 480 0062 02       		.byte	0x2
 481 0063 07       		.byte	0x7
 482 0064 4F000000 		.4byte	.LASF6
 483 0068 04       		.uleb128 0x4
 484 0069 04       		.byte	0x4
 485 006a 05       		.byte	0x5
 486 006b 64020000 		.4byte	.LASF7
 487 006f 04       		.uleb128 0x4
 488 0070 04       		.byte	0x4
 489 0071 07       		.byte	0x7
 490 0072 21010000 		.4byte	.LASF8
 491 0076 04       		.uleb128 0x4
 492 0077 08       		.byte	0x8
 493 0078 07       		.byte	0x7
 494 0079 EA010000 		.4byte	.LASF9
 495 007d 04       		.uleb128 0x4
 496 007e 04       		.byte	0x4
 497 007f 07       		.byte	0x7
 498 0080 0E020000 		.4byte	.LASF10
 499 0084 05       		.uleb128 0x5
 500 0085 04       		.byte	0x4
 501 0086 04       		.uleb128 0x4
 502 0087 01       		.byte	0x1
 503 0088 08       		.byte	0x8
 504 0089 6D020000 		.4byte	.LASF11
 505 008d 06       		.uleb128 0x6
 506 008e 33010000 		.4byte	.LASF13
 507 0092 03       		.byte	0x3
 508 0093 E801     		.2byte	0x1e8
 509 0095 53000000 		.4byte	0x53
 510 0099 06       		.uleb128 0x6
 511 009a BD010000 		.4byte	.LASF14
 512 009e 03       		.byte	0x3
 513 009f E901     		.2byte	0x1e9
 514 00a1 61000000 		.4byte	0x61
 515 00a5 06       		.uleb128 0x6
 516 00a6 CE010000 		.4byte	.LASF15
 517 00aa 03       		.byte	0x3
 518 00ab EA01     		.2byte	0x1ea
 519 00ad 6F000000 		.4byte	0x6f
 520 00b1 04       		.uleb128 0x4
 521 00b2 04       		.byte	0x4
 522 00b3 04       		.byte	0x4
 523 00b4 6A000000 		.4byte	.LASF16
 524 00b8 04       		.uleb128 0x4
 525 00b9 08       		.byte	0x8
ARM GAS  C:\Users\Admin\AppData\Local\Temp\ccp6gz8P.s 			page 17


 526 00ba 04       		.byte	0x4
 527 00bb A9010000 		.4byte	.LASF17
 528 00bf 06       		.uleb128 0x6
 529 00c0 1C010000 		.4byte	.LASF18
 530 00c4 03       		.byte	0x3
 531 00c5 9202     		.2byte	0x292
 532 00c7 CB000000 		.4byte	0xcb
 533 00cb 07       		.uleb128 0x7
 534 00cc 8D000000 		.4byte	0x8d
 535 00d0 06       		.uleb128 0x6
 536 00d1 00000000 		.4byte	.LASF19
 537 00d5 03       		.byte	0x3
 538 00d6 9302     		.2byte	0x293
 539 00d8 DC000000 		.4byte	0xdc
 540 00dc 07       		.uleb128 0x7
 541 00dd 99000000 		.4byte	0x99
 542 00e1 08       		.uleb128 0x8
 543 00e2 70000000 		.4byte	.LASF42
 544 00e6 01       		.byte	0x1
 545 00e7 7F       		.byte	0x7f
 546 00e8 00000000 		.4byte	.LFB3
 547 00ec 02000000 		.4byte	.LFE3-.LFB3
 548 00f0 01       		.uleb128 0x1
 549 00f1 9C       		.byte	0x9c
 550 00f2 04010000 		.4byte	0x104
 551 00f6 09       		.uleb128 0x9
 552 00f7 C4010000 		.4byte	.LASF22
 553 00fb 01       		.byte	0x1
 554 00fc 7F       		.byte	0x7f
 555 00fd 8D000000 		.4byte	0x8d
 556 0101 01       		.uleb128 0x1
 557 0102 50       		.byte	0x50
 558 0103 00       		.byte	0
 559 0104 0A       		.uleb128 0xa
 560 0105 1B000000 		.4byte	.LASF20
 561 0109 01       		.byte	0x1
 562 010a EC       		.byte	0xec
 563 010b 00000000 		.4byte	.LFB5
 564 010f 28000000 		.4byte	.LFE5-.LFB5
 565 0113 01       		.uleb128 0x1
 566 0114 9C       		.byte	0x9c
 567 0115 29010000 		.4byte	0x129
 568 0119 0B       		.uleb128 0xb
 569 011a 7E020000 		.4byte	.LASF24
 570 011e 01       		.byte	0x1
 571 011f EE       		.byte	0xee
 572 0120 8D000000 		.4byte	0x8d
 573 0124 00000000 		.4byte	.LLST0
 574 0128 00       		.byte	0
 575 0129 0A       		.uleb128 0xa
 576 012a 39010000 		.4byte	.LASF21
 577 012e 01       		.byte	0x1
 578 012f 4D       		.byte	0x4d
 579 0130 00000000 		.4byte	.LFB0
 580 0134 0C000000 		.4byte	.LFE0-.LFB0
 581 0138 01       		.uleb128 0x1
 582 0139 9C       		.byte	0x9c
ARM GAS  C:\Users\Admin\AppData\Local\Temp\ccp6gz8P.s 			page 18


 583 013a 76010000 		.4byte	0x176
 584 013e 0C       		.uleb128 0xc
 585 013f 7300     		.ascii	"s\000"
 586 0141 01       		.byte	0x1
 587 0142 4D       		.byte	0x4d
 588 0143 84000000 		.4byte	0x84
 589 0147 13000000 		.4byte	.LLST1
 590 014b 0C       		.uleb128 0xc
 591 014c 6E00     		.ascii	"n\000"
 592 014e 01       		.byte	0x1
 593 014f 4D       		.byte	0x4d
 594 0150 2C000000 		.4byte	0x2c
 595 0154 34000000 		.4byte	.LLST2
 596 0158 0D       		.uleb128 0xd
 597 0159 0A000000 		.4byte	.LVL5
 598 015d B3030000 		.4byte	0x3b3
 599 0161 0E       		.uleb128 0xe
 600 0162 01       		.uleb128 0x1
 601 0163 50       		.byte	0x50
 602 0164 03       		.uleb128 0x3
 603 0165 F3       		.byte	0xf3
 604 0166 01       		.uleb128 0x1
 605 0167 50       		.byte	0x50
 606 0168 0E       		.uleb128 0xe
 607 0169 01       		.uleb128 0x1
 608 016a 51       		.byte	0x51
 609 016b 01       		.uleb128 0x1
 610 016c 30       		.byte	0x30
 611 016d 0E       		.uleb128 0xe
 612 016e 01       		.uleb128 0x1
 613 016f 52       		.byte	0x52
 614 0170 03       		.uleb128 0x3
 615 0171 F3       		.byte	0xf3
 616 0172 01       		.uleb128 0x1
 617 0173 51       		.byte	0x51
 618 0174 00       		.byte	0
 619 0175 00       		.byte	0
 620 0176 0A       		.uleb128 0xa
 621 0177 44000000 		.4byte	.LASF23
 622 017b 01       		.byte	0x1
 623 017c AF       		.byte	0xaf
 624 017d 00000000 		.4byte	.LFB4
 625 0181 A0000000 		.4byte	.LFE4-.LFB4
 626 0185 01       		.uleb128 0x1
 627 0186 9C       		.byte	0x9c
 628 0187 CE010000 		.4byte	0x1ce
 629 018b 0B       		.uleb128 0xb
 630 018c 2C000000 		.4byte	.LASF25
 631 0190 01       		.byte	0x1
 632 0191 B1       		.byte	0xb1
 633 0192 A5000000 		.4byte	0xa5
 634 0196 60000000 		.4byte	.LLST3
 635 019a 0B       		.uleb128 0xb
 636 019b 62000000 		.4byte	.LASF26
 637 019f 01       		.byte	0x1
 638 01a0 B2       		.byte	0xb2
 639 01a1 8D000000 		.4byte	0x8d
ARM GAS  C:\Users\Admin\AppData\Local\Temp\ccp6gz8P.s 			page 19


 640 01a5 7F000000 		.4byte	.LLST4
 641 01a9 0F       		.uleb128 0xf
 642 01aa 48000000 		.4byte	.LVL10
 643 01ae BC030000 		.4byte	0x3bc
 644 01b2 BE010000 		.4byte	0x1be
 645 01b6 0E       		.uleb128 0xe
 646 01b7 01       		.uleb128 0x1
 647 01b8 50       		.byte	0x50
 648 01b9 03       		.uleb128 0x3
 649 01ba 0A       		.byte	0xa
 650 01bb E001     		.2byte	0x1e0
 651 01bd 00       		.byte	0
 652 01be 0D       		.uleb128 0xd
 653 01bf 58000000 		.4byte	.LVL12
 654 01c3 E1000000 		.4byte	0xe1
 655 01c7 0E       		.uleb128 0xe
 656 01c8 01       		.uleb128 0x1
 657 01c9 50       		.byte	0x50
 658 01ca 01       		.uleb128 0x1
 659 01cb 33       		.byte	0x33
 660 01cc 00       		.byte	0
 661 01cd 00       		.byte	0
 662 01ce 0A       		.uleb128 0xa
 663 01cf A5020000 		.4byte	.LASF27
 664 01d3 01       		.byte	0x1
 665 01d4 54       		.byte	0x54
 666 01d5 00000000 		.4byte	.LFB1
 667 01d9 08000000 		.4byte	.LFE1-.LFB1
 668 01dd 01       		.uleb128 0x1
 669 01de 9C       		.byte	0x9c
 670 01df 2E020000 		.4byte	0x22e
 671 01e3 10       		.uleb128 0x10
 672 01e4 84000000 		.4byte	.LASF28
 673 01e8 01       		.byte	0x1
 674 01e9 54       		.byte	0x54
 675 01ea 84000000 		.4byte	0x84
 676 01ee A9000000 		.4byte	.LLST5
 677 01f2 0C       		.uleb128 0xc
 678 01f3 73726300 		.ascii	"src\000"
 679 01f7 01       		.byte	0x1
 680 01f8 54       		.byte	0x54
 681 01f9 2E020000 		.4byte	0x22e
 682 01fd CA000000 		.4byte	.LLST6
 683 0201 0C       		.uleb128 0xc
 684 0202 6E00     		.ascii	"n\000"
 685 0204 01       		.byte	0x1
 686 0205 54       		.byte	0x54
 687 0206 2C000000 		.4byte	0x2c
 688 020a EB000000 		.4byte	.LLST7
 689 020e 0D       		.uleb128 0xd
 690 020f 06000000 		.4byte	.LVL15
 691 0213 C7030000 		.4byte	0x3c7
 692 0217 0E       		.uleb128 0xe
 693 0218 01       		.uleb128 0x1
 694 0219 50       		.byte	0x50
 695 021a 03       		.uleb128 0x3
 696 021b F3       		.byte	0xf3
ARM GAS  C:\Users\Admin\AppData\Local\Temp\ccp6gz8P.s 			page 20


 697 021c 01       		.uleb128 0x1
 698 021d 50       		.byte	0x50
 699 021e 0E       		.uleb128 0xe
 700 021f 01       		.uleb128 0x1
 701 0220 51       		.byte	0x51
 702 0221 03       		.uleb128 0x3
 703 0222 F3       		.byte	0xf3
 704 0223 01       		.uleb128 0x1
 705 0224 51       		.byte	0x51
 706 0225 0E       		.uleb128 0xe
 707 0226 01       		.uleb128 0x1
 708 0227 52       		.byte	0x52
 709 0228 03       		.uleb128 0x3
 710 0229 F3       		.byte	0xf3
 711 022a 01       		.uleb128 0x1
 712 022b 52       		.byte	0x52
 713 022c 00       		.byte	0
 714 022d 00       		.byte	0
 715 022e 11       		.uleb128 0x11
 716 022f 04       		.byte	0x4
 717 0230 34020000 		.4byte	0x234
 718 0234 12       		.uleb128 0x12
 719 0235 13       		.uleb128 0x13
 720 0236 43010000 		.4byte	.LASF31
 721 023a 01       		.byte	0x1
 722 023b 0601     		.2byte	0x106
 723 023d 00000000 		.4byte	.LFB6
 724 0241 10000000 		.4byte	.LFE6-.LFB6
 725 0245 01       		.uleb128 0x1
 726 0246 9C       		.byte	0x9c
 727 0247 68020000 		.4byte	0x268
 728 024b 14       		.uleb128 0x14
 729 024c 5C020000 		.4byte	.LASF29
 730 0250 01       		.byte	0x1
 731 0251 0601     		.2byte	0x106
 732 0253 8D000000 		.4byte	0x8d
 733 0257 01       		.uleb128 0x1
 734 0258 50       		.byte	0x50
 735 0259 15       		.uleb128 0x15
 736 025a 9C020000 		.4byte	.LASF30
 737 025e 01       		.byte	0x1
 738 025f 0801     		.2byte	0x108
 739 0261 8D000000 		.4byte	0x8d
 740 0265 01       		.uleb128 0x1
 741 0266 53       		.byte	0x53
 742 0267 00       		.byte	0
 743 0268 13       		.uleb128 0x13
 744 0269 B0010000 		.4byte	.LASF32
 745 026d 01       		.byte	0x1
 746 026e 2801     		.2byte	0x128
 747 0270 00000000 		.4byte	.LFB7
 748 0274 B4000000 		.4byte	.LFE7-.LFB7
 749 0278 01       		.uleb128 0x1
 750 0279 9C       		.byte	0x9c
 751 027a B3030000 		.4byte	0x3b3
 752 027e 16       		.uleb128 0x16
 753 027f 0E000000 		.4byte	.LBB2
ARM GAS  C:\Users\Admin\AppData\Local\Temp\ccp6gz8P.s 			page 21


 754 0283 36000000 		.4byte	.LBE2-.LBB2
 755 0287 37030000 		.4byte	0x337
 756 028b 17       		.uleb128 0x17
 757 028c 06       		.byte	0x6
 758 028d 01       		.byte	0x1
 759 028e 3401     		.2byte	0x134
 760 0290 AF020000 		.4byte	0x2af
 761 0294 18       		.uleb128 0x18
 762 0295 E2010000 		.4byte	.LASF33
 763 0299 01       		.byte	0x1
 764 029a 3501     		.2byte	0x135
 765 029c 84000000 		.4byte	0x84
 766 02a0 00       		.byte	0
 767 02a1 18       		.uleb128 0x18
 768 02a2 89000000 		.4byte	.LASF34
 769 02a6 01       		.byte	0x1
 770 02a7 3601     		.2byte	0x136
 771 02a9 99000000 		.4byte	0x99
 772 02ad 04       		.byte	0x4
 773 02ae 00       		.byte	0
 774 02af 06       		.uleb128 0x6
 775 02b0 01020000 		.4byte	.LASF35
 776 02b4 01       		.byte	0x1
 777 02b5 3701     		.2byte	0x137
 778 02b7 8B020000 		.4byte	0x28b
 779 02bb 19       		.uleb128 0x19
 780 02bc CB020000 		.4byte	0x2cb
 781 02c0 CB020000 		.4byte	0x2cb
 782 02c4 1A       		.uleb128 0x1a
 783 02c5 7D000000 		.4byte	0x7d
 784 02c9 08       		.byte	0x8
 785 02ca 00       		.byte	0
 786 02cb 1B       		.uleb128 0x1b
 787 02cc AF020000 		.4byte	0x2af
 788 02d0 15       		.uleb128 0x15
 789 02d1 34000000 		.4byte	.LASF36
 790 02d5 01       		.byte	0x1
 791 02d6 3901     		.2byte	0x139
 792 02d8 E2020000 		.4byte	0x2e2
 793 02dc 05       		.uleb128 0x5
 794 02dd 03       		.byte	0x3
 795 02de 00000000 		.4byte	cfg_memset_list.4992
 796 02e2 1B       		.uleb128 0x1b
 797 02e3 BB020000 		.4byte	0x2bb
 798 02e7 1C       		.uleb128 0x1c
 799 02e8 6900     		.ascii	"i\000"
 800 02ea 01       		.byte	0x1
 801 02eb 4601     		.2byte	0x146
 802 02ed 8D000000 		.4byte	0x8d
 803 02f1 0C010000 		.4byte	.LLST8
 804 02f5 1D       		.uleb128 0x1d
 805 02f6 12000000 		.4byte	.LBB3
 806 02fa 16000000 		.4byte	.LBE3-.LBB3
 807 02fe 1C       		.uleb128 0x1c
 808 02ff 6D7300   		.ascii	"ms\000"
 809 0302 01       		.byte	0x1
 810 0303 4B01     		.2byte	0x14b
ARM GAS  C:\Users\Admin\AppData\Local\Temp\ccp6gz8P.s 			page 22


 811 0305 0D030000 		.4byte	0x30d
 812 0309 36010000 		.4byte	.LLST9
 813 030d 11       		.uleb128 0x11
 814 030e 04       		.byte	0x4
 815 030f CB020000 		.4byte	0x2cb
 816 0313 0D       		.uleb128 0xd
 817 0314 28000000 		.4byte	.LVL20
 818 0318 29010000 		.4byte	0x129
 819 031c 0E       		.uleb128 0xe
 820 031d 01       		.uleb128 0x1
 821 031e 51       		.byte	0x51
 822 031f 14       		.uleb128 0x14
 823 0320 74       		.byte	0x74
 824 0321 00       		.sleb128 0
 825 0322 31       		.byte	0x31
 826 0323 24       		.byte	0x24
 827 0324 74       		.byte	0x74
 828 0325 00       		.sleb128 0
 829 0326 22       		.byte	0x22
 830 0327 31       		.byte	0x31
 831 0328 24       		.byte	0x24
 832 0329 75       		.byte	0x75
 833 032a 00       		.sleb128 0
 834 032b 22       		.byte	0x22
 835 032c 23       		.byte	0x23
 836 032d 04       		.uleb128 0x4
 837 032e 94       		.byte	0x94
 838 032f 02       		.byte	0x2
 839 0330 0A       		.byte	0xa
 840 0331 FFFF     		.2byte	0xffff
 841 0333 1A       		.byte	0x1a
 842 0334 00       		.byte	0
 843 0335 00       		.byte	0
 844 0336 00       		.byte	0
 845 0337 0F       		.uleb128 0xf
 846 0338 50000000 		.4byte	.LVL23
 847 033c CE010000 		.4byte	0x1ce
 848 0340 5A030000 		.4byte	0x35a
 849 0344 0E       		.uleb128 0xe
 850 0345 01       		.uleb128 0x1
 851 0346 50       		.byte	0x50
 852 0347 05       		.uleb128 0x5
 853 0348 0C       		.byte	0xc
 854 0349 12510040 		.4byte	0x40005112
 855 034d 0E       		.uleb128 0xe
 856 034e 01       		.uleb128 0x1
 857 034f 51       		.byte	0x51
 858 0350 03       		.uleb128 0x3
 859 0351 42       		.byte	0x42
 860 0352 4A       		.byte	0x4a
 861 0353 24       		.byte	0x24
 862 0354 0E       		.uleb128 0xe
 863 0355 01       		.uleb128 0x1
 864 0356 52       		.byte	0x52
 865 0357 01       		.uleb128 0x1
 866 0358 38       		.byte	0x38
 867 0359 00       		.byte	0
ARM GAS  C:\Users\Admin\AppData\Local\Temp\ccp6gz8P.s 			page 23


 868 035a 0F       		.uleb128 0xf
 869 035b 5A000000 		.4byte	.LVL24
 870 035f CE010000 		.4byte	0x1ce
 871 0363 7F030000 		.4byte	0x37f
 872 0367 0E       		.uleb128 0xe
 873 0368 01       		.uleb128 0x1
 874 0369 50       		.byte	0x50
 875 036a 05       		.uleb128 0x5
 876 036b 0C       		.byte	0xc
 877 036c 22510040 		.4byte	0x40005122
 878 0370 0E       		.uleb128 0xe
 879 0371 01       		.uleb128 0x1
 880 0372 51       		.byte	0x51
 881 0373 05       		.uleb128 0x5
 882 0374 0C       		.byte	0xc
 883 0375 08000048 		.4byte	0x48000008
 884 0379 0E       		.uleb128 0xe
 885 037a 01       		.uleb128 0x1
 886 037b 52       		.byte	0x52
 887 037c 01       		.uleb128 0x1
 888 037d 38       		.byte	0x38
 889 037e 00       		.byte	0
 890 037f 1E       		.uleb128 0x1e
 891 0380 6E000000 		.4byte	.LVL26
 892 0384 76010000 		.4byte	0x176
 893 0388 1E       		.uleb128 0x1e
 894 0389 7C000000 		.4byte	.LVL27
 895 038d 04010000 		.4byte	0x104
 896 0391 0D       		.uleb128 0xd
 897 0392 86000000 		.4byte	.LVL28
 898 0396 CE010000 		.4byte	0x1ce
 899 039a 0E       		.uleb128 0xe
 900 039b 01       		.uleb128 0x1
 901 039c 50       		.byte	0x50
 902 039d 05       		.uleb128 0x5
 903 039e 0C       		.byte	0xc
 904 039f B0430040 		.4byte	0x400043b0
 905 03a3 0E       		.uleb128 0xe
 906 03a4 01       		.uleb128 0x1
 907 03a5 51       		.byte	0x51
 908 03a6 05       		.uleb128 0x5
 909 03a7 0C       		.byte	0xc
 910 03a8 A0430040 		.4byte	0x400043a0
 911 03ac 0E       		.uleb128 0xe
 912 03ad 01       		.uleb128 0x1
 913 03ae 52       		.byte	0x52
 914 03af 01       		.uleb128 0x1
 915 03b0 3E       		.byte	0x3e
 916 03b1 00       		.byte	0
 917 03b2 00       		.byte	0
 918 03b3 1F       		.uleb128 0x1f
 919 03b4 67010000 		.4byte	.LASF37
 920 03b8 67010000 		.4byte	.LASF37
 921 03bc 20       		.uleb128 0x20
 922 03bd 06000000 		.4byte	.LASF43
 923 03c1 06000000 		.4byte	.LASF43
 924 03c5 04       		.byte	0x4
ARM GAS  C:\Users\Admin\AppData\Local\Temp\ccp6gz8P.s 			page 24


 925 03c6 79       		.byte	0x79
 926 03c7 1F       		.uleb128 0x1f
 927 03c8 4B020000 		.4byte	.LASF38
 928 03cc 4B020000 		.4byte	.LASF38
 929 03d0 00       		.byte	0
 930              		.section	.debug_abbrev,"",%progbits
 931              	.Ldebug_abbrev0:
 932 0000 01       		.uleb128 0x1
 933 0001 11       		.uleb128 0x11
 934 0002 01       		.byte	0x1
 935 0003 25       		.uleb128 0x25
 936 0004 0E       		.uleb128 0xe
 937 0005 13       		.uleb128 0x13
 938 0006 0B       		.uleb128 0xb
 939 0007 03       		.uleb128 0x3
 940 0008 0E       		.uleb128 0xe
 941 0009 1B       		.uleb128 0x1b
 942 000a 0E       		.uleb128 0xe
 943 000b 55       		.uleb128 0x55
 944 000c 17       		.uleb128 0x17
 945 000d 11       		.uleb128 0x11
 946 000e 01       		.uleb128 0x1
 947 000f 10       		.uleb128 0x10
 948 0010 17       		.uleb128 0x17
 949 0011 00       		.byte	0
 950 0012 00       		.byte	0
 951 0013 02       		.uleb128 0x2
 952 0014 24       		.uleb128 0x24
 953 0015 00       		.byte	0
 954 0016 0B       		.uleb128 0xb
 955 0017 0B       		.uleb128 0xb
 956 0018 3E       		.uleb128 0x3e
 957 0019 0B       		.uleb128 0xb
 958 001a 03       		.uleb128 0x3
 959 001b 08       		.uleb128 0x8
 960 001c 00       		.byte	0
 961 001d 00       		.byte	0
 962 001e 03       		.uleb128 0x3
 963 001f 16       		.uleb128 0x16
 964 0020 00       		.byte	0
 965 0021 03       		.uleb128 0x3
 966 0022 0E       		.uleb128 0xe
 967 0023 3A       		.uleb128 0x3a
 968 0024 0B       		.uleb128 0xb
 969 0025 3B       		.uleb128 0x3b
 970 0026 0B       		.uleb128 0xb
 971 0027 49       		.uleb128 0x49
 972 0028 13       		.uleb128 0x13
 973 0029 00       		.byte	0
 974 002a 00       		.byte	0
 975 002b 04       		.uleb128 0x4
 976 002c 24       		.uleb128 0x24
 977 002d 00       		.byte	0
 978 002e 0B       		.uleb128 0xb
 979 002f 0B       		.uleb128 0xb
 980 0030 3E       		.uleb128 0x3e
 981 0031 0B       		.uleb128 0xb
ARM GAS  C:\Users\Admin\AppData\Local\Temp\ccp6gz8P.s 			page 25


 982 0032 03       		.uleb128 0x3
 983 0033 0E       		.uleb128 0xe
 984 0034 00       		.byte	0
 985 0035 00       		.byte	0
 986 0036 05       		.uleb128 0x5
 987 0037 0F       		.uleb128 0xf
 988 0038 00       		.byte	0
 989 0039 0B       		.uleb128 0xb
 990 003a 0B       		.uleb128 0xb
 991 003b 00       		.byte	0
 992 003c 00       		.byte	0
 993 003d 06       		.uleb128 0x6
 994 003e 16       		.uleb128 0x16
 995 003f 00       		.byte	0
 996 0040 03       		.uleb128 0x3
 997 0041 0E       		.uleb128 0xe
 998 0042 3A       		.uleb128 0x3a
 999 0043 0B       		.uleb128 0xb
 1000 0044 3B       		.uleb128 0x3b
 1001 0045 05       		.uleb128 0x5
 1002 0046 49       		.uleb128 0x49
 1003 0047 13       		.uleb128 0x13
 1004 0048 00       		.byte	0
 1005 0049 00       		.byte	0
 1006 004a 07       		.uleb128 0x7
 1007 004b 35       		.uleb128 0x35
 1008 004c 00       		.byte	0
 1009 004d 49       		.uleb128 0x49
 1010 004e 13       		.uleb128 0x13
 1011 004f 00       		.byte	0
 1012 0050 00       		.byte	0
 1013 0051 08       		.uleb128 0x8
 1014 0052 2E       		.uleb128 0x2e
 1015 0053 01       		.byte	0x1
 1016 0054 03       		.uleb128 0x3
 1017 0055 0E       		.uleb128 0xe
 1018 0056 3A       		.uleb128 0x3a
 1019 0057 0B       		.uleb128 0xb
 1020 0058 3B       		.uleb128 0x3b
 1021 0059 0B       		.uleb128 0xb
 1022 005a 27       		.uleb128 0x27
 1023 005b 19       		.uleb128 0x19
 1024 005c 8701     		.uleb128 0x87
 1025 005e 19       		.uleb128 0x19
 1026 005f 11       		.uleb128 0x11
 1027 0060 01       		.uleb128 0x1
 1028 0061 12       		.uleb128 0x12
 1029 0062 06       		.uleb128 0x6
 1030 0063 40       		.uleb128 0x40
 1031 0064 18       		.uleb128 0x18
 1032 0065 9742     		.uleb128 0x2117
 1033 0067 19       		.uleb128 0x19
 1034 0068 01       		.uleb128 0x1
 1035 0069 13       		.uleb128 0x13
 1036 006a 00       		.byte	0
 1037 006b 00       		.byte	0
 1038 006c 09       		.uleb128 0x9
ARM GAS  C:\Users\Admin\AppData\Local\Temp\ccp6gz8P.s 			page 26


 1039 006d 05       		.uleb128 0x5
 1040 006e 00       		.byte	0
 1041 006f 03       		.uleb128 0x3
 1042 0070 0E       		.uleb128 0xe
 1043 0071 3A       		.uleb128 0x3a
 1044 0072 0B       		.uleb128 0xb
 1045 0073 3B       		.uleb128 0x3b
 1046 0074 0B       		.uleb128 0xb
 1047 0075 49       		.uleb128 0x49
 1048 0076 13       		.uleb128 0x13
 1049 0077 02       		.uleb128 0x2
 1050 0078 18       		.uleb128 0x18
 1051 0079 00       		.byte	0
 1052 007a 00       		.byte	0
 1053 007b 0A       		.uleb128 0xa
 1054 007c 2E       		.uleb128 0x2e
 1055 007d 01       		.byte	0x1
 1056 007e 03       		.uleb128 0x3
 1057 007f 0E       		.uleb128 0xe
 1058 0080 3A       		.uleb128 0x3a
 1059 0081 0B       		.uleb128 0xb
 1060 0082 3B       		.uleb128 0x3b
 1061 0083 0B       		.uleb128 0xb
 1062 0084 27       		.uleb128 0x27
 1063 0085 19       		.uleb128 0x19
 1064 0086 11       		.uleb128 0x11
 1065 0087 01       		.uleb128 0x1
 1066 0088 12       		.uleb128 0x12
 1067 0089 06       		.uleb128 0x6
 1068 008a 40       		.uleb128 0x40
 1069 008b 18       		.uleb128 0x18
 1070 008c 9742     		.uleb128 0x2117
 1071 008e 19       		.uleb128 0x19
 1072 008f 01       		.uleb128 0x1
 1073 0090 13       		.uleb128 0x13
 1074 0091 00       		.byte	0
 1075 0092 00       		.byte	0
 1076 0093 0B       		.uleb128 0xb
 1077 0094 34       		.uleb128 0x34
 1078 0095 00       		.byte	0
 1079 0096 03       		.uleb128 0x3
 1080 0097 0E       		.uleb128 0xe
 1081 0098 3A       		.uleb128 0x3a
 1082 0099 0B       		.uleb128 0xb
 1083 009a 3B       		.uleb128 0x3b
 1084 009b 0B       		.uleb128 0xb
 1085 009c 49       		.uleb128 0x49
 1086 009d 13       		.uleb128 0x13
 1087 009e 02       		.uleb128 0x2
 1088 009f 17       		.uleb128 0x17
 1089 00a0 00       		.byte	0
 1090 00a1 00       		.byte	0
 1091 00a2 0C       		.uleb128 0xc
 1092 00a3 05       		.uleb128 0x5
 1093 00a4 00       		.byte	0
 1094 00a5 03       		.uleb128 0x3
 1095 00a6 08       		.uleb128 0x8
ARM GAS  C:\Users\Admin\AppData\Local\Temp\ccp6gz8P.s 			page 27


 1096 00a7 3A       		.uleb128 0x3a
 1097 00a8 0B       		.uleb128 0xb
 1098 00a9 3B       		.uleb128 0x3b
 1099 00aa 0B       		.uleb128 0xb
 1100 00ab 49       		.uleb128 0x49
 1101 00ac 13       		.uleb128 0x13
 1102 00ad 02       		.uleb128 0x2
 1103 00ae 17       		.uleb128 0x17
 1104 00af 00       		.byte	0
 1105 00b0 00       		.byte	0
 1106 00b1 0D       		.uleb128 0xd
 1107 00b2 898201   		.uleb128 0x4109
 1108 00b5 01       		.byte	0x1
 1109 00b6 11       		.uleb128 0x11
 1110 00b7 01       		.uleb128 0x1
 1111 00b8 31       		.uleb128 0x31
 1112 00b9 13       		.uleb128 0x13
 1113 00ba 00       		.byte	0
 1114 00bb 00       		.byte	0
 1115 00bc 0E       		.uleb128 0xe
 1116 00bd 8A8201   		.uleb128 0x410a
 1117 00c0 00       		.byte	0
 1118 00c1 02       		.uleb128 0x2
 1119 00c2 18       		.uleb128 0x18
 1120 00c3 9142     		.uleb128 0x2111
 1121 00c5 18       		.uleb128 0x18
 1122 00c6 00       		.byte	0
 1123 00c7 00       		.byte	0
 1124 00c8 0F       		.uleb128 0xf
 1125 00c9 898201   		.uleb128 0x4109
 1126 00cc 01       		.byte	0x1
 1127 00cd 11       		.uleb128 0x11
 1128 00ce 01       		.uleb128 0x1
 1129 00cf 31       		.uleb128 0x31
 1130 00d0 13       		.uleb128 0x13
 1131 00d1 01       		.uleb128 0x1
 1132 00d2 13       		.uleb128 0x13
 1133 00d3 00       		.byte	0
 1134 00d4 00       		.byte	0
 1135 00d5 10       		.uleb128 0x10
 1136 00d6 05       		.uleb128 0x5
 1137 00d7 00       		.byte	0
 1138 00d8 03       		.uleb128 0x3
 1139 00d9 0E       		.uleb128 0xe
 1140 00da 3A       		.uleb128 0x3a
 1141 00db 0B       		.uleb128 0xb
 1142 00dc 3B       		.uleb128 0x3b
 1143 00dd 0B       		.uleb128 0xb
 1144 00de 49       		.uleb128 0x49
 1145 00df 13       		.uleb128 0x13
 1146 00e0 02       		.uleb128 0x2
 1147 00e1 17       		.uleb128 0x17
 1148 00e2 00       		.byte	0
 1149 00e3 00       		.byte	0
 1150 00e4 11       		.uleb128 0x11
 1151 00e5 0F       		.uleb128 0xf
 1152 00e6 00       		.byte	0
ARM GAS  C:\Users\Admin\AppData\Local\Temp\ccp6gz8P.s 			page 28


 1153 00e7 0B       		.uleb128 0xb
 1154 00e8 0B       		.uleb128 0xb
 1155 00e9 49       		.uleb128 0x49
 1156 00ea 13       		.uleb128 0x13
 1157 00eb 00       		.byte	0
 1158 00ec 00       		.byte	0
 1159 00ed 12       		.uleb128 0x12
 1160 00ee 26       		.uleb128 0x26
 1161 00ef 00       		.byte	0
 1162 00f0 00       		.byte	0
 1163 00f1 00       		.byte	0
 1164 00f2 13       		.uleb128 0x13
 1165 00f3 2E       		.uleb128 0x2e
 1166 00f4 01       		.byte	0x1
 1167 00f5 3F       		.uleb128 0x3f
 1168 00f6 19       		.uleb128 0x19
 1169 00f7 03       		.uleb128 0x3
 1170 00f8 0E       		.uleb128 0xe
 1171 00f9 3A       		.uleb128 0x3a
 1172 00fa 0B       		.uleb128 0xb
 1173 00fb 3B       		.uleb128 0x3b
 1174 00fc 05       		.uleb128 0x5
 1175 00fd 27       		.uleb128 0x27
 1176 00fe 19       		.uleb128 0x19
 1177 00ff 11       		.uleb128 0x11
 1178 0100 01       		.uleb128 0x1
 1179 0101 12       		.uleb128 0x12
 1180 0102 06       		.uleb128 0x6
 1181 0103 40       		.uleb128 0x40
 1182 0104 18       		.uleb128 0x18
 1183 0105 9742     		.uleb128 0x2117
 1184 0107 19       		.uleb128 0x19
 1185 0108 01       		.uleb128 0x1
 1186 0109 13       		.uleb128 0x13
 1187 010a 00       		.byte	0
 1188 010b 00       		.byte	0
 1189 010c 14       		.uleb128 0x14
 1190 010d 05       		.uleb128 0x5
 1191 010e 00       		.byte	0
 1192 010f 03       		.uleb128 0x3
 1193 0110 0E       		.uleb128 0xe
 1194 0111 3A       		.uleb128 0x3a
 1195 0112 0B       		.uleb128 0xb
 1196 0113 3B       		.uleb128 0x3b
 1197 0114 05       		.uleb128 0x5
 1198 0115 49       		.uleb128 0x49
 1199 0116 13       		.uleb128 0x13
 1200 0117 02       		.uleb128 0x2
 1201 0118 18       		.uleb128 0x18
 1202 0119 00       		.byte	0
 1203 011a 00       		.byte	0
 1204 011b 15       		.uleb128 0x15
 1205 011c 34       		.uleb128 0x34
 1206 011d 00       		.byte	0
 1207 011e 03       		.uleb128 0x3
 1208 011f 0E       		.uleb128 0xe
 1209 0120 3A       		.uleb128 0x3a
ARM GAS  C:\Users\Admin\AppData\Local\Temp\ccp6gz8P.s 			page 29


 1210 0121 0B       		.uleb128 0xb
 1211 0122 3B       		.uleb128 0x3b
 1212 0123 05       		.uleb128 0x5
 1213 0124 49       		.uleb128 0x49
 1214 0125 13       		.uleb128 0x13
 1215 0126 02       		.uleb128 0x2
 1216 0127 18       		.uleb128 0x18
 1217 0128 00       		.byte	0
 1218 0129 00       		.byte	0
 1219 012a 16       		.uleb128 0x16
 1220 012b 0B       		.uleb128 0xb
 1221 012c 01       		.byte	0x1
 1222 012d 11       		.uleb128 0x11
 1223 012e 01       		.uleb128 0x1
 1224 012f 12       		.uleb128 0x12
 1225 0130 06       		.uleb128 0x6
 1226 0131 01       		.uleb128 0x1
 1227 0132 13       		.uleb128 0x13
 1228 0133 00       		.byte	0
 1229 0134 00       		.byte	0
 1230 0135 17       		.uleb128 0x17
 1231 0136 13       		.uleb128 0x13
 1232 0137 01       		.byte	0x1
 1233 0138 0B       		.uleb128 0xb
 1234 0139 0B       		.uleb128 0xb
 1235 013a 3A       		.uleb128 0x3a
 1236 013b 0B       		.uleb128 0xb
 1237 013c 3B       		.uleb128 0x3b
 1238 013d 05       		.uleb128 0x5
 1239 013e 01       		.uleb128 0x1
 1240 013f 13       		.uleb128 0x13
 1241 0140 00       		.byte	0
 1242 0141 00       		.byte	0
 1243 0142 18       		.uleb128 0x18
 1244 0143 0D       		.uleb128 0xd
 1245 0144 00       		.byte	0
 1246 0145 03       		.uleb128 0x3
 1247 0146 0E       		.uleb128 0xe
 1248 0147 3A       		.uleb128 0x3a
 1249 0148 0B       		.uleb128 0xb
 1250 0149 3B       		.uleb128 0x3b
 1251 014a 05       		.uleb128 0x5
 1252 014b 49       		.uleb128 0x49
 1253 014c 13       		.uleb128 0x13
 1254 014d 38       		.uleb128 0x38
 1255 014e 0B       		.uleb128 0xb
 1256 014f 00       		.byte	0
 1257 0150 00       		.byte	0
 1258 0151 19       		.uleb128 0x19
 1259 0152 01       		.uleb128 0x1
 1260 0153 01       		.byte	0x1
 1261 0154 49       		.uleb128 0x49
 1262 0155 13       		.uleb128 0x13
 1263 0156 01       		.uleb128 0x1
 1264 0157 13       		.uleb128 0x13
 1265 0158 00       		.byte	0
 1266 0159 00       		.byte	0
ARM GAS  C:\Users\Admin\AppData\Local\Temp\ccp6gz8P.s 			page 30


 1267 015a 1A       		.uleb128 0x1a
 1268 015b 21       		.uleb128 0x21
 1269 015c 00       		.byte	0
 1270 015d 49       		.uleb128 0x49
 1271 015e 13       		.uleb128 0x13
 1272 015f 2F       		.uleb128 0x2f
 1273 0160 0B       		.uleb128 0xb
 1274 0161 00       		.byte	0
 1275 0162 00       		.byte	0
 1276 0163 1B       		.uleb128 0x1b
 1277 0164 26       		.uleb128 0x26
 1278 0165 00       		.byte	0
 1279 0166 49       		.uleb128 0x49
 1280 0167 13       		.uleb128 0x13
 1281 0168 00       		.byte	0
 1282 0169 00       		.byte	0
 1283 016a 1C       		.uleb128 0x1c
 1284 016b 34       		.uleb128 0x34
 1285 016c 00       		.byte	0
 1286 016d 03       		.uleb128 0x3
 1287 016e 08       		.uleb128 0x8
 1288 016f 3A       		.uleb128 0x3a
 1289 0170 0B       		.uleb128 0xb
 1290 0171 3B       		.uleb128 0x3b
 1291 0172 05       		.uleb128 0x5
 1292 0173 49       		.uleb128 0x49
 1293 0174 13       		.uleb128 0x13
 1294 0175 02       		.uleb128 0x2
 1295 0176 17       		.uleb128 0x17
 1296 0177 00       		.byte	0
 1297 0178 00       		.byte	0
 1298 0179 1D       		.uleb128 0x1d
 1299 017a 0B       		.uleb128 0xb
 1300 017b 01       		.byte	0x1
 1301 017c 11       		.uleb128 0x11
 1302 017d 01       		.uleb128 0x1
 1303 017e 12       		.uleb128 0x12
 1304 017f 06       		.uleb128 0x6
 1305 0180 00       		.byte	0
 1306 0181 00       		.byte	0
 1307 0182 1E       		.uleb128 0x1e
 1308 0183 898201   		.uleb128 0x4109
 1309 0186 00       		.byte	0
 1310 0187 11       		.uleb128 0x11
 1311 0188 01       		.uleb128 0x1
 1312 0189 31       		.uleb128 0x31
 1313 018a 13       		.uleb128 0x13
 1314 018b 00       		.byte	0
 1315 018c 00       		.byte	0
 1316 018d 1F       		.uleb128 0x1f
 1317 018e 2E       		.uleb128 0x2e
 1318 018f 00       		.byte	0
 1319 0190 3F       		.uleb128 0x3f
 1320 0191 19       		.uleb128 0x19
 1321 0192 3C       		.uleb128 0x3c
 1322 0193 19       		.uleb128 0x19
 1323 0194 6E       		.uleb128 0x6e
ARM GAS  C:\Users\Admin\AppData\Local\Temp\ccp6gz8P.s 			page 31


 1324 0195 0E       		.uleb128 0xe
 1325 0196 03       		.uleb128 0x3
 1326 0197 0E       		.uleb128 0xe
 1327 0198 00       		.byte	0
 1328 0199 00       		.byte	0
 1329 019a 20       		.uleb128 0x20
 1330 019b 2E       		.uleb128 0x2e
 1331 019c 00       		.byte	0
 1332 019d 3F       		.uleb128 0x3f
 1333 019e 19       		.uleb128 0x19
 1334 019f 3C       		.uleb128 0x3c
 1335 01a0 19       		.uleb128 0x19
 1336 01a1 6E       		.uleb128 0x6e
 1337 01a2 0E       		.uleb128 0xe
 1338 01a3 03       		.uleb128 0x3
 1339 01a4 0E       		.uleb128 0xe
 1340 01a5 3A       		.uleb128 0x3a
 1341 01a6 0B       		.uleb128 0xb
 1342 01a7 3B       		.uleb128 0x3b
 1343 01a8 0B       		.uleb128 0xb
 1344 01a9 00       		.byte	0
 1345 01aa 00       		.byte	0
 1346 01ab 00       		.byte	0
 1347              		.section	.debug_loc,"",%progbits
 1348              	.Ldebug_loc0:
 1349              	.LLST0:
 1350 0000 06000000 		.4byte	.LVL1
 1351 0004 10000000 		.4byte	.LVL2
 1352 0008 0100     		.2byte	0x1
 1353 000a 53       		.byte	0x53
 1354 000b 00000000 		.4byte	0
 1355 000f 00000000 		.4byte	0
 1356              	.LLST1:
 1357 0013 00000000 		.4byte	.LVL3
 1358 0017 09000000 		.4byte	.LVL5-1
 1359 001b 0100     		.2byte	0x1
 1360 001d 50       		.byte	0x50
 1361 001e 09000000 		.4byte	.LVL5-1
 1362 0022 0C000000 		.4byte	.LFE0
 1363 0026 0400     		.2byte	0x4
 1364 0028 F3       		.byte	0xf3
 1365 0029 01       		.uleb128 0x1
 1366 002a 50       		.byte	0x50
 1367 002b 9F       		.byte	0x9f
 1368 002c 00000000 		.4byte	0
 1369 0030 00000000 		.4byte	0
 1370              	.LLST2:
 1371 0034 00000000 		.4byte	.LVL3
 1372 0038 06000000 		.4byte	.LVL4
 1373 003c 0100     		.2byte	0x1
 1374 003e 51       		.byte	0x51
 1375 003f 06000000 		.4byte	.LVL4
 1376 0043 09000000 		.4byte	.LVL5-1
 1377 0047 0100     		.2byte	0x1
 1378 0049 52       		.byte	0x52
 1379 004a 09000000 		.4byte	.LVL5-1
 1380 004e 0C000000 		.4byte	.LFE0
ARM GAS  C:\Users\Admin\AppData\Local\Temp\ccp6gz8P.s 			page 32


 1381 0052 0400     		.2byte	0x4
 1382 0054 F3       		.byte	0xf3
 1383 0055 01       		.uleb128 0x1
 1384 0056 51       		.byte	0x51
 1385 0057 9F       		.byte	0x9f
 1386 0058 00000000 		.4byte	0
 1387 005c 00000000 		.4byte	0
 1388              	.LLST3:
 1389 0060 2A000000 		.4byte	.LVL6
 1390 0064 30000000 		.4byte	.LVL7
 1391 0068 0200     		.2byte	0x2
 1392 006a 49       		.byte	0x49
 1393 006b 9F       		.byte	0x9f
 1394 006c 30000000 		.4byte	.LVL7
 1395 0070 7E000000 		.4byte	.LVL13
 1396 0074 0100     		.2byte	0x1
 1397 0076 55       		.byte	0x55
 1398 0077 00000000 		.4byte	0
 1399 007b 00000000 		.4byte	0
 1400              	.LLST4:
 1401 007f 2A000000 		.4byte	.LVL6
 1402 0083 30000000 		.4byte	.LVL7
 1403 0087 0200     		.2byte	0x2
 1404 0089 30       		.byte	0x30
 1405 008a 9F       		.byte	0x9f
 1406 008b 30000000 		.4byte	.LVL7
 1407 008f 3C000000 		.4byte	.LVL8
 1408 0093 0100     		.2byte	0x1
 1409 0095 54       		.byte	0x54
 1410 0096 40000000 		.4byte	.LVL9
 1411 009a 7E000000 		.4byte	.LVL13
 1412 009e 0100     		.2byte	0x1
 1413 00a0 54       		.byte	0x54
 1414 00a1 00000000 		.4byte	0
 1415 00a5 00000000 		.4byte	0
 1416              	.LLST5:
 1417 00a9 00000000 		.4byte	.LVL14
 1418 00ad 05000000 		.4byte	.LVL15-1
 1419 00b1 0100     		.2byte	0x1
 1420 00b3 50       		.byte	0x50
 1421 00b4 05000000 		.4byte	.LVL15-1
 1422 00b8 08000000 		.4byte	.LFE1
 1423 00bc 0400     		.2byte	0x4
 1424 00be F3       		.byte	0xf3
 1425 00bf 01       		.uleb128 0x1
 1426 00c0 50       		.byte	0x50
 1427 00c1 9F       		.byte	0x9f
 1428 00c2 00000000 		.4byte	0
 1429 00c6 00000000 		.4byte	0
 1430              	.LLST6:
 1431 00ca 00000000 		.4byte	.LVL14
 1432 00ce 05000000 		.4byte	.LVL15-1
 1433 00d2 0100     		.2byte	0x1
 1434 00d4 51       		.byte	0x51
 1435 00d5 05000000 		.4byte	.LVL15-1
 1436 00d9 08000000 		.4byte	.LFE1
 1437 00dd 0400     		.2byte	0x4
ARM GAS  C:\Users\Admin\AppData\Local\Temp\ccp6gz8P.s 			page 33


 1438 00df F3       		.byte	0xf3
 1439 00e0 01       		.uleb128 0x1
 1440 00e1 51       		.byte	0x51
 1441 00e2 9F       		.byte	0x9f
 1442 00e3 00000000 		.4byte	0
 1443 00e7 00000000 		.4byte	0
 1444              	.LLST7:
 1445 00eb 00000000 		.4byte	.LVL14
 1446 00ef 05000000 		.4byte	.LVL15-1
 1447 00f3 0100     		.2byte	0x1
 1448 00f5 52       		.byte	0x52
 1449 00f6 05000000 		.4byte	.LVL15-1
 1450 00fa 08000000 		.4byte	.LFE1
 1451 00fe 0400     		.2byte	0x4
 1452 0100 F3       		.byte	0xf3
 1453 0101 01       		.uleb128 0x1
 1454 0102 52       		.byte	0x52
 1455 0103 9F       		.byte	0x9f
 1456 0104 00000000 		.4byte	0
 1457 0108 00000000 		.4byte	0
 1458              	.LLST8:
 1459 010c 0E000000 		.4byte	.LVL18
 1460 0110 12000000 		.4byte	.LVL19
 1461 0114 0200     		.2byte	0x2
 1462 0116 30       		.byte	0x30
 1463 0117 9F       		.byte	0x9f
 1464 0118 12000000 		.4byte	.LVL19
 1465 011c 2A000000 		.4byte	.LVL21
 1466 0120 0100     		.2byte	0x1
 1467 0122 54       		.byte	0x54
 1468 0123 2C000000 		.4byte	.LVL22
 1469 0127 66000000 		.4byte	.LVL25
 1470 012b 0100     		.2byte	0x1
 1471 012d 54       		.byte	0x54
 1472 012e 00000000 		.4byte	0
 1473 0132 00000000 		.4byte	0
 1474              	.LLST9:
 1475 0136 12000000 		.4byte	.LVL19
 1476 013a 2A000000 		.4byte	.LVL21
 1477 013e 0B00     		.2byte	0xb
 1478 0140 74       		.byte	0x74
 1479 0141 00       		.sleb128 0
 1480 0142 36       		.byte	0x36
 1481 0143 1E       		.byte	0x1e
 1482 0144 03       		.byte	0x3
 1483 0145 00000000 		.4byte	cfg_memset_list.4992
 1484 0149 22       		.byte	0x22
 1485 014a 9F       		.byte	0x9f
 1486 014b 2A000000 		.4byte	.LVL21
 1487 014f 2C000000 		.4byte	.LVL22
 1488 0153 0B00     		.2byte	0xb
 1489 0155 74       		.byte	0x74
 1490 0156 7F       		.sleb128 -1
 1491 0157 36       		.byte	0x36
 1492 0158 1E       		.byte	0x1e
 1493 0159 03       		.byte	0x3
 1494 015a 00000000 		.4byte	cfg_memset_list.4992
ARM GAS  C:\Users\Admin\AppData\Local\Temp\ccp6gz8P.s 			page 34


 1495 015e 22       		.byte	0x22
 1496 015f 9F       		.byte	0x9f
 1497 0160 00000000 		.4byte	0
 1498 0164 00000000 		.4byte	0
 1499              		.section	.debug_aranges,"",%progbits
 1500 0000 4C000000 		.4byte	0x4c
 1501 0004 0200     		.2byte	0x2
 1502 0006 00000000 		.4byte	.Ldebug_info0
 1503 000a 04       		.byte	0x4
 1504 000b 00       		.byte	0
 1505 000c 0000     		.2byte	0
 1506 000e 0000     		.2byte	0
 1507 0010 00000000 		.4byte	.LFB3
 1508 0014 02000000 		.4byte	.LFE3-.LFB3
 1509 0018 00000000 		.4byte	.LFB5
 1510 001c 28000000 		.4byte	.LFE5-.LFB5
 1511 0020 00000000 		.4byte	.LFB0
 1512 0024 0C000000 		.4byte	.LFE0-.LFB0
 1513 0028 00000000 		.4byte	.LFB4
 1514 002c A0000000 		.4byte	.LFE4-.LFB4
 1515 0030 00000000 		.4byte	.LFB1
 1516 0034 08000000 		.4byte	.LFE1-.LFB1
 1517 0038 00000000 		.4byte	.LFB6
 1518 003c 10000000 		.4byte	.LFE6-.LFB6
 1519 0040 00000000 		.4byte	.LFB7
 1520 0044 B4000000 		.4byte	.LFE7-.LFB7
 1521 0048 00000000 		.4byte	0
 1522 004c 00000000 		.4byte	0
 1523              		.section	.debug_ranges,"",%progbits
 1524              	.Ldebug_ranges0:
 1525 0000 00000000 		.4byte	.LFB3
 1526 0004 02000000 		.4byte	.LFE3
 1527 0008 00000000 		.4byte	.LFB5
 1528 000c 28000000 		.4byte	.LFE5
 1529 0010 00000000 		.4byte	.LFB0
 1530 0014 0C000000 		.4byte	.LFE0
 1531 0018 00000000 		.4byte	.LFB4
 1532 001c A0000000 		.4byte	.LFE4
 1533 0020 00000000 		.4byte	.LFB1
 1534 0024 08000000 		.4byte	.LFE1
 1535 0028 00000000 		.4byte	.LFB6
 1536 002c 10000000 		.4byte	.LFE6
 1537 0030 00000000 		.4byte	.LFB7
 1538 0034 B4000000 		.4byte	.LFE7
 1539 0038 00000000 		.4byte	0
 1540 003c 00000000 		.4byte	0
 1541              		.section	.debug_line,"",%progbits
 1542              	.Ldebug_line0:
 1543 0000 A2010000 		.section	.debug_str,"MS",%progbits,1
 1543      0200D600 
 1543      00000201 
 1543      FB0E0D00 
 1543      01010101 
 1544              	.LASF19:
 1545 0000 72656731 		.ascii	"reg16\000"
 1545      3600
 1546              	.LASF43:
ARM GAS  C:\Users\Admin\AppData\Local\Temp\ccp6gz8P.s 			page 35


 1547 0006 43794465 		.ascii	"CyDelayCycles\000"
 1547      6C617943 
 1547      79636C65 
 1547      7300
 1548              	.LASF12:
 1549 0014 73697A65 		.ascii	"size_t\000"
 1549      5F7400
 1550              	.LASF20:
 1551 001b 416E616C 		.ascii	"AnalogSetDefault\000"
 1551      6F675365 
 1551      74446566 
 1551      61756C74 
 1551      00
 1552              	.LASF25:
 1553 002c 74696D65 		.ascii	"timeout\000"
 1553      6F757400 
 1554              	.LASF36:
 1555 0034 6366675F 		.ascii	"cfg_memset_list\000"
 1555      6D656D73 
 1555      65745F6C 
 1555      69737400 
 1556              	.LASF23:
 1557 0044 436C6F63 		.ascii	"ClockSetup\000"
 1557      6B536574 
 1557      757000
 1558              	.LASF6:
 1559 004f 73686F72 		.ascii	"short unsigned int\000"
 1559      7420756E 
 1559      7369676E 
 1559      65642069 
 1559      6E7400
 1560              	.LASF26:
 1561 0062 706C6C4C 		.ascii	"pllLock\000"
 1561      6F636B00 
 1562              	.LASF16:
 1563 006a 666C6F61 		.ascii	"float\000"
 1563      7400
 1564              	.LASF42:
 1565 0070 4379436C 		.ascii	"CyClockStartupError\000"
 1565      6F636B53 
 1565      74617274 
 1565      75704572 
 1565      726F7200 
 1566              	.LASF28:
 1567 0084 64657374 		.ascii	"dest\000"
 1567      00
 1568              	.LASF34:
 1569 0089 73697A65 		.ascii	"size\000"
 1569      00
 1570              	.LASF39:
 1571 008e 474E5520 		.ascii	"GNU C11 5.4.1 20160609 (release) [ARM/embedded-5-br"
 1571      43313120 
 1571      352E342E 
 1571      31203230 
 1571      31363036 
 1572 00c1 616E6368 		.ascii	"anch revision 237715] -mcpu=cortex-m3 -mthumb -g -O"
 1572      20726576 
ARM GAS  C:\Users\Admin\AppData\Local\Temp\ccp6gz8P.s 			page 36


 1572      6973696F 
 1572      6E203233 
 1572      37373135 
 1573 00f4 67202D66 		.ascii	"g -ffunction-sections -ffat-lto-objects\000"
 1573      66756E63 
 1573      74696F6E 
 1573      2D736563 
 1573      74696F6E 
 1574              	.LASF18:
 1575 011c 72656738 		.ascii	"reg8\000"
 1575      00
 1576              	.LASF8:
 1577 0121 6C6F6E67 		.ascii	"long unsigned int\000"
 1577      20756E73 
 1577      69676E65 
 1577      6420696E 
 1577      7400
 1578              	.LASF13:
 1579 0133 75696E74 		.ascii	"uint8\000"
 1579      3800
 1580              	.LASF21:
 1581 0139 43594D45 		.ascii	"CYMEMZERO\000"
 1581      4D5A4552 
 1581      4F00
 1582              	.LASF31:
 1583 0143 53657441 		.ascii	"SetAnalogRoutingPumps\000"
 1583      6E616C6F 
 1583      67526F75 
 1583      74696E67 
 1583      50756D70 
 1584              	.LASF4:
 1585 0159 756E7369 		.ascii	"unsigned char\000"
 1585      676E6564 
 1585      20636861 
 1585      7200
 1586              	.LASF37:
 1587 0167 6D656D73 		.ascii	"memset\000"
 1587      657400
 1588              	.LASF41:
 1589 016e 433A5C55 		.ascii	"C:\\Users\\Admin\\Documents\\PSoC Creator\\lab01\\D"
 1589      73657273 
 1589      5C41646D 
 1589      696E5C44 
 1589      6F63756D 
 1590 019b 65736967 		.ascii	"esign01.cydsn\000"
 1590      6E30312E 
 1590      63796473 
 1590      6E00
 1591              	.LASF17:
 1592 01a9 646F7562 		.ascii	"double\000"
 1592      6C6500
 1593              	.LASF32:
 1594 01b0 63796669 		.ascii	"cyfitter_cfg\000"
 1594      74746572 
 1594      5F636667 
 1594      00
 1595              	.LASF14:
ARM GAS  C:\Users\Admin\AppData\Local\Temp\ccp6gz8P.s 			page 37


 1596 01bd 75696E74 		.ascii	"uint16\000"
 1596      313600
 1597              	.LASF22:
 1598 01c4 6572726F 		.ascii	"errorCode\000"
 1598      72436F64 
 1598      6500
 1599              	.LASF15:
 1600 01ce 75696E74 		.ascii	"uint32\000"
 1600      333200
 1601              	.LASF0:
 1602 01d5 756E7369 		.ascii	"unsigned int\000"
 1602      676E6564 
 1602      20696E74 
 1602      00
 1603              	.LASF33:
 1604 01e2 61646472 		.ascii	"address\000"
 1604      65737300 
 1605              	.LASF9:
 1606 01ea 6C6F6E67 		.ascii	"long long unsigned int\000"
 1606      206C6F6E 
 1606      6720756E 
 1606      7369676E 
 1606      65642069 
 1607              	.LASF35:
 1608 0201 6366675F 		.ascii	"cfg_memset_t\000"
 1608      6D656D73 
 1608      65745F74 
 1608      00
 1609              	.LASF10:
 1610 020e 73697A65 		.ascii	"sizetype\000"
 1610      74797065 
 1610      00
 1611              	.LASF1:
 1612 0217 6C6F6E67 		.ascii	"long long int\000"
 1612      206C6F6E 
 1612      6720696E 
 1612      7400
 1613              	.LASF40:
 1614 0225 47656E65 		.ascii	"Generated_Source\\PSoC5\\cyfitter_cfg.c\000"
 1614      72617465 
 1614      645F536F 
 1614      75726365 
 1614      5C50536F 
 1615              	.LASF38:
 1616 024b 6D656D63 		.ascii	"memcpy\000"
 1616      707900
 1617              	.LASF5:
 1618 0252 73686F72 		.ascii	"short int\000"
 1618      7420696E 
 1618      7400
 1619              	.LASF29:
 1620 025c 656E6162 		.ascii	"enabled\000"
 1620      6C656400 
 1621              	.LASF7:
 1622 0264 6C6F6E67 		.ascii	"long int\000"
 1622      20696E74 
 1622      00
ARM GAS  C:\Users\Admin\AppData\Local\Temp\ccp6gz8P.s 			page 38


 1623              	.LASF11:
 1624 026d 63686172 		.ascii	"char\000"
 1624      00
 1625              	.LASF2:
 1626 0272 6C6F6E67 		.ascii	"long double\000"
 1626      20646F75 
 1626      626C6500 
 1627              	.LASF24:
 1628 027e 62675F78 		.ascii	"bg_xover_inl_trim\000"
 1628      6F766572 
 1628      5F696E6C 
 1628      5F747269 
 1628      6D00
 1629              	.LASF3:
 1630 0290 7369676E 		.ascii	"signed char\000"
 1630      65642063 
 1630      68617200 
 1631              	.LASF30:
 1632 029c 72656756 		.ascii	"regValue\000"
 1632      616C7565 
 1632      00
 1633              	.LASF27:
 1634 02a5 4359434F 		.ascii	"CYCONFIGCPY\000"
 1634      4E464947 
 1634      43505900 
 1635              		.ident	"GCC: (GNU Tools for ARM Embedded Processors) 5.4.1 20160609 (release) [ARM/embedded-5-bran
